$ time hadoop jar GameReviewSummary/GameReviewSummary.jar steam.summary.GameReviewSummary /steam/recommendations.csv /steam/out_summary
2026-09-11 20:18:44,602 WARN util.NativeCodeLoader: Unable to load native-hadoop library for your platform... using builtin-java classes where applicable
2026-09-11 20:18:45,028 INFO client.DefaultNoHARMFailoverProxyProvider: Connecting to ResourceManager at /0.0.0.0:8032
2026-09-11 20:18:45,375 WARN mapreduce.JobResourceUploader: Hadoop command-line option parsing not performed. Implement the Tool interface and execute your application with ToolRunner to remedy this.
2026-09-11 20:18:45,400 INFO mapreduce.JobResourceUploader: Disabling Erasure Coding for path: /tmp/hadoop-yarn/staging/rii/.staging/job_1789136053647_0002
2026-09-11 20:18:45,697 INFO input.FileInputFormat: Total input files to process : 1
2026-09-11 20:18:46,584 INFO mapreduce.JobSubmitter: number of splits:15
2026-09-11 20:18:47,370 INFO mapreduce.JobSubmitter: Submitting tokens for job: job_1789136053647_0002
2026-09-11 20:18:47,370 INFO mapreduce.JobSubmitter: Executing with tokens: []
2026-09-11 20:18:47,593 INFO conf.Configuration: resource-types.xml not found
2026-09-11 20:18:47,593 INFO resource.ResourceUtils: Unable to find 'resource-types.xml'.
2026-09-11 20:18:47,676 INFO impl.YarnClientImpl: Submitted application application_1789136053647_0002
2026-09-11 20:18:47,742 INFO mapreduce.Job: The url to track the job: http://pop-os:8088/proxy/application_1789136053647_0002/
2026-09-11 20:18:47,743 INFO mapreduce.Job: Running job: job_1789136053647_0002
2026-09-11 20:18:54,915 INFO mapreduce.Job: Job job_1789136053647_0002 running in uber mode : false
2026-09-11 20:18:54,916 INFO mapreduce.Job:  map 0% reduce 0%
2026-09-11 20:19:20,019 INFO mapreduce.Job:  map 12% reduce 0%
2026-09-11 20:19:26,294 INFO mapreduce.Job:  map 18% reduce 0%
2026-09-11 20:19:27,302 INFO mapreduce.Job:  map 20% reduce 0%
2026-09-11 20:19:28,604 INFO mapreduce.Job:  map 22% reduce 0%
2026-09-11 20:19:32,739 INFO mapreduce.Job:  map 25% reduce 0%
2026-09-11 20:19:33,761 INFO mapreduce.Job:  map 27% reduce 0%
2026-09-11 20:19:34,847 INFO mapreduce.Job:  map 31% reduce 0%
2026-09-11 20:19:35,895 INFO mapreduce.Job:  map 33% reduce 0%
2026-09-11 20:19:49,273 INFO mapreduce.Job:  map 36% reduce 0%
2026-09-11 20:19:55,040 INFO mapreduce.Job:  map 39% reduce 0%
2026-09-11 20:19:58,104 INFO mapreduce.Job:  map 45% reduce 0%
2026-09-11 20:19:59,122 INFO mapreduce.Job:  map 45% reduce 11%
2026-09-11 20:20:00,154 INFO mapreduce.Job:  map 48% reduce 11%
2026-09-11 20:20:01,220 INFO mapreduce.Job:  map 49% reduce 11%
2026-09-11 20:20:04,311 INFO mapreduce.Job:  map 52% reduce 11%
2026-09-11 20:20:05,323 INFO mapreduce.Job:  map 52% reduce 13%
2026-09-11 20:20:06,338 INFO mapreduce.Job:  map 58% reduce 13%
2026-09-11 20:20:07,388 INFO mapreduce.Job:  map 60% reduce 13%
2026-09-11 20:20:11,462 INFO mapreduce.Job:  map 60% reduce 20%
2026-09-11 20:20:20,732 INFO mapreduce.Job:  map 63% reduce 20%
2026-09-11 20:20:26,937 INFO mapreduce.Job:  map 64% reduce 20%
2026-09-11 20:20:27,959 INFO mapreduce.Job:  map 67% reduce 20%
2026-09-11 20:20:29,112 INFO mapreduce.Job:  map 73% reduce 20%
2026-09-11 20:20:32,484 INFO mapreduce.Job:  map 75% reduce 20%
2026-09-11 20:20:33,508 INFO mapreduce.Job:  map 77% reduce 20%
2026-09-11 20:20:34,515 INFO mapreduce.Job:  map 84% reduce 20%
2026-09-11 20:20:36,543 INFO mapreduce.Job:  map 87% reduce 20%
2026-09-11 20:20:38,567 INFO mapreduce.Job:  map 87% reduce 29%
2026-09-11 20:20:51,831 INFO mapreduce.Job:  map 91% reduce 29%
2026-09-11 20:20:53,861 INFO mapreduce.Job:  map 96% reduce 29%
2026-09-11 20:20:54,880 INFO mapreduce.Job:  map 98% reduce 29%
2026-09-11 20:20:55,886 INFO mapreduce.Job:  map 100% reduce 29%
2026-09-11 20:20:57,896 INFO mapreduce.Job:  map 100% reduce 100%
2026-09-11 20:20:58,913 INFO mapreduce.Job: Job job_1789136053647_0002 completed successfully
2026-09-11 20:20:59,418 INFO mapreduce.Job: Counters: 55
	File System Counters
		FILE: Number of bytes read=12106480
		FILE: Number of bytes written=21542095
		FILE: Number of read operations=0
		FILE: Number of large read operations=0
		FILE: Number of write operations=0
		HDFS: Number of bytes read=2023282091
		HDFS: Number of bytes written=1441145
		HDFS: Number of read operations=50
		HDFS: Number of large read operations=0
		HDFS: Number of write operations=2
		HDFS: Number of bytes read erasure-coded=0
	Job Counters 
		Killed map tasks=1
		Launched map tasks=16
		Launched reduce tasks=1
		Data-local map tasks=16
		Total time spent by all maps in occupied slots (ms)=1400652
		Total time spent by all reduces in occupied slots (ms)=323000
		Total time spent by all map tasks (ms)=466884
		Total time spent by all reduce tasks (ms)=80750
		Total vcore-milliseconds taken by all map tasks=466884
		Total vcore-milliseconds taken by all reduce tasks=80750
		Total megabyte-milliseconds taken by all map tasks=358566912
		Total megabyte-milliseconds taken by all reduce tasks=82688000
	Map-Reduce Framework
		Map input records=41154795
		Map output records=41154794
		Map output bytes=1935187119
		Map output materialized bytes=4481013
		Input split bytes=1680
		Combine input records=41309286
		Combine output records=245258
		Reduce input groups=37610
		Reduce shuffle bytes=4481013
		Reduce input records=90766
		Reduce output records=37610
		Spilled Records=336024
		Shuffled Maps =15
		Failed Shuffles=0
		Merged Map outputs=15
		GC time elapsed (ms)=12253
		CPU time spent (ms)=384640
		Physical memory (bytes) snapshot=6200295424
		Virtual memory (bytes) snapshot=40950755328
		Total committed heap usage (bytes)=4475322368
		Peak Map Physical memory (bytes)=451526656
		Peak Map Virtual memory (bytes)=2555727872
		Peak Reduce Physical memory (bytes)=278171648
		Peak Reduce Virtual memory (bytes)=2810089472
	Shuffle Errors
		BAD_ID=0
		CONNECTION=0
		IO_ERROR=0
		WRONG_LENGTH=0
		WRONG_MAP=0
		WRONG_REDUCE=0
	File Input Format Counters 
		Bytes Read=2023280411
	File Output Format Counters 
		Bytes Written=1441145

real	2m15.426s
user	0m7.854s
sys	0m0.596s
__EXIT__=0
