$ time hadoop jar GameReviewJoin/GameReviewJoin.jar steam.join.GameReviewJoin /steam/games.csv /steam/recommendations.csv /steam/out_join
2026-09-11 20:21:27,256 WARN util.NativeCodeLoader: Unable to load native-hadoop library for your platform... using builtin-java classes where applicable
2026-09-11 20:21:27,723 INFO client.DefaultNoHARMFailoverProxyProvider: Connecting to ResourceManager at /0.0.0.0:8032
2026-09-11 20:21:28,126 WARN mapreduce.JobResourceUploader: Hadoop command-line option parsing not performed. Implement the Tool interface and execute your application with ToolRunner to remedy this.
2026-09-11 20:21:28,151 INFO mapreduce.JobResourceUploader: Disabling Erasure Coding for path: /tmp/hadoop-yarn/staging/rii/.staging/job_1789136053647_0003
2026-09-11 20:21:28,457 INFO input.FileInputFormat: Total input files to process : 1
2026-09-11 20:21:28,484 INFO input.FileInputFormat: Total input files to process : 1
2026-09-11 20:21:28,549 INFO mapreduce.JobSubmitter: number of splits:16
2026-09-11 20:21:29,174 INFO mapreduce.JobSubmitter: Submitting tokens for job: job_1789136053647_0003
2026-09-11 20:21:29,174 INFO mapreduce.JobSubmitter: Executing with tokens: []
2026-09-11 20:21:29,346 INFO conf.Configuration: resource-types.xml not found
2026-09-11 20:21:29,347 INFO resource.ResourceUtils: Unable to find 'resource-types.xml'.
2026-09-11 20:21:29,467 INFO impl.YarnClientImpl: Submitted application application_1789136053647_0003
2026-09-11 20:21:29,500 INFO mapreduce.Job: The url to track the job: http://pop-os:8088/proxy/application_1789136053647_0003/
2026-09-11 20:21:29,501 INFO mapreduce.Job: Running job: job_1789136053647_0003
2026-09-11 20:21:34,597 INFO mapreduce.Job: Job job_1789136053647_0003 running in uber mode : false
2026-09-11 20:21:34,598 INFO mapreduce.Job:  map 0% reduce 0%
2026-09-11 20:21:49,024 INFO mapreduce.Job:  map 19% reduce 0%
2026-09-11 20:21:50,035 INFO mapreduce.Job:  map 31% reduce 0%
2026-09-11 20:22:05,498 INFO mapreduce.Job:  map 38% reduce 0%
2026-09-11 20:22:12,292 INFO mapreduce.Job:  map 56% reduce 0%
2026-09-11 20:22:14,410 INFO mapreduce.Job:  map 63% reduce 0%
2026-09-11 20:22:28,897 INFO mapreduce.Job:  map 69% reduce 0%
2026-09-11 20:22:30,947 INFO mapreduce.Job:  map 81% reduce 0%
2026-09-11 20:22:31,972 INFO mapreduce.Job:  map 88% reduce 27%
2026-09-11 20:22:36,031 INFO mapreduce.Job:  map 94% reduce 27%
2026-09-11 20:22:38,048 INFO mapreduce.Job:  map 100% reduce 31%
2026-09-11 20:22:40,060 INFO mapreduce.Job:  map 100% reduce 100%
2026-09-11 20:22:41,078 INFO mapreduce.Job: Job job_1789136053647_0003 completed successfully
2026-09-11 20:22:41,734 INFO mapreduce.Job: Counters: 56
	File System Counters
		FILE: Number of bytes read=4928118
		FILE: Number of bytes written=15124883
		FILE: Number of read operations=0
		FILE: Number of large read operations=0
		FILE: Number of write operations=0
		HDFS: Number of bytes read=2028148229
		HDFS: Number of bytes written=2155580
		HDFS: Number of read operations=53
		HDFS: Number of large read operations=0
		HDFS: Number of write operations=2
		HDFS: Number of bytes read erasure-coded=0
	Job Counters 
		Launched map tasks=16
		Launched reduce tasks=1
		Data-local map tasks=16
		Total time spent by all maps in occupied slots (ms)=733170
		Total time spent by all reduces in occupied slots (ms)=114564
		Total time spent by all map tasks (ms)=244390
		Total time spent by all reduce tasks (ms)=28641
		Total vcore-milliseconds taken by all map tasks=244390
		Total vcore-milliseconds taken by all reduce tasks=28641
		Total megabyte-milliseconds taken by all map tasks=187691520
		Total megabyte-milliseconds taken by all reduce tasks=29328384
	Map-Reduce Framework
		Map input records=41205668
		Map output records=141638
		Map output bytes=4644815
		Map output materialized bytes=4928208
		Input split bytes=4028
		Combine input records=0
		Combine output records=0
		Reduce input groups=50872
		Reduce shuffle bytes=4928208
		Reduce input records=141638
		Reduce output records=37610
		Spilled Records=283276
		Shuffled Maps =16
		Failed Shuffles=0
		Merged Map outputs=16
		GC time elapsed (ms)=8002
		CPU time spent (ms)=147210
		Physical memory (bytes) snapshot=6722342912
		Virtual memory (bytes) snapshot=43278286848
		Total committed heap usage (bytes)=4762632192
		Peak Map Physical memory (bytes)=451522560
		Peak Map Virtual memory (bytes)=2541797376
		Peak Reduce Physical memory (bytes)=341549056
		Peak Reduce Virtual memory (bytes)=2787770368
	Join
		Games with no reviews=13262
		Joined games=37610
	Shuffle Errors
		BAD_ID=0
		CONNECTION=0
		IO_ERROR=0
		WRONG_LENGTH=0
		WRONG_MAP=0
		WRONG_REDUCE=0
	File Input Format Counters 
		Bytes Read=0
	File Output Format Counters 
		Bytes Written=2155580

real	1m15.075s
user	0m5.630s
sys	0m0.448s
__EXIT__=0
