$ pig -x mapreduce -f PigAnalysis/scripts/top5Ratings.pig
2026-09-11 20:23:41,559 INFO pig.ExecTypeProvider: Trying ExecType : LOCAL
2026-09-11 20:23:41,560 INFO pig.ExecTypeProvider: Trying ExecType : MAPREDUCE
2026-09-11 20:23:41,560 INFO pig.ExecTypeProvider: Picked MAPREDUCE as the ExecType
2026-09-11 20:23:41,591 [main] INFO  org.apache.pig.Main - Apache Pig version 0.18.0 (r1926484) compiled Jun 16 2025, 10:38:21
2026-09-11 20:23:41,591 [main] INFO  org.apache.pig.Main - Logging error messages to: /home/rii/Documents/study/8th Semester/BDAL/Steam-Data-Analysis-using-Hadoop/pig_1789136621586.log
2026-09-11 20:23:41,695 [main] WARN  org.apache.hadoop.util.NativeCodeLoader - Unable to load native-hadoop library for your platform... using builtin-java classes where applicable
2026-09-11 20:23:41,774 [main] INFO  org.apache.pig.impl.util.Utils - Default bootup file /home/rii/.pigbootup not found
2026-09-11 20:23:41,815 [main] INFO  org.apache.hadoop.conf.Configuration.deprecation - mapred.job.tracker is deprecated. Instead, use mapreduce.jobtracker.address
2026-09-11 20:23:41,815 [main] INFO  org.apache.pig.backend.hadoop.executionengine.HExecutionEngine - Connecting to hadoop file system at: hdfs://localhost:9000
2026-09-11 20:23:42,143 [main] INFO  org.apache.pig.PigServer - Pig Script ID for the session: PIG-top5Ratings.pig-2f573a76-bc5d-4b83-a030-5991317e2334
2026-09-11 20:23:42,143 [main] WARN  org.apache.pig.PigServer - ATS is disabled since yarn.timeline-service.enabled set to false
2026-09-11 20:23:42,523 [main] INFO  org.apache.hadoop.conf.Configuration.deprecation - mapred.textoutputformat.separator is deprecated. Instead, use mapreduce.output.textoutputformat.separator
2026-09-11 20:23:42,535 [main] INFO  org.apache.pig.tools.pigstats.ScriptState - Pig features used in the script: GROUP_BY,FILTER
2026-09-11 20:23:42,557 [main] INFO  org.apache.pig.data.SchemaTupleBackend - Key [pig.schematuple] was not set... will not generate code.
2026-09-11 20:23:42,577 [main] INFO  org.apache.pig.newplan.logical.optimizer.LogicalPlanOptimizer - {RULES_ENABLED=[AddForEach, ColumnMapKeyPrune, FilterConstantCalculator, ForEachConstantCalculator, GroupByConstParallelSetter, LimitOptimizer, LoadTypeCastInserter, MergeFilter, MergeForEach, NestedLimitOptimizer, PartitionFilterOptimizer, PredicatePushdownOptimizer, PushDownForEachFlatten, PushUpFilter, SplitConstantCalculator, SplitFilter, StreamTypeCastInserter]}
2026-09-11 20:23:42,627 [main] INFO  org.apache.pig.impl.util.SpillableMemoryManager - Selected heap (G1 Old Gen) of size 1048576000 to monitor. collectionUsageThreshold = 734003200, usageThreshold = 734003200
2026-09-11 20:23:42,661 [main] INFO  org.apache.pig.backend.hadoop.executionengine.mapReduceLayer.MRCompiler - File concatenation threshold: 100 optimistic? false
2026-09-11 20:23:42,689 [main] INFO  org.apache.pig.backend.hadoop.executionengine.util.CombinerOptimizerUtil - Choosing to move algebraic foreach to combiner
2026-09-11 20:23:42,709 [main] INFO  org.apache.pig.backend.hadoop.executionengine.mapReduceLayer.MultiQueryOptimizer - MR plan size before optimization: 2
2026-09-11 20:23:42,709 [main] INFO  org.apache.pig.backend.hadoop.executionengine.mapReduceLayer.MultiQueryOptimizer - MR plan size after optimization: 2
2026-09-11 20:23:42,782 [main] INFO  org.apache.hadoop.yarn.client.DefaultNoHARMFailoverProxyProvider - Connecting to ResourceManager at /0.0.0.0:8032
2026-09-11 20:23:42,921 [main] INFO  org.apache.hadoop.conf.Configuration.deprecation - yarn.resourcemanager.system-metrics-publisher.enabled is deprecated. Instead, use yarn.system-metrics-publisher.enabled
2026-09-11 20:23:42,930 [main] INFO  org.apache.pig.tools.pigstats.mapreduce.MRScriptState - Pig script settings are added to the job
2026-09-11 20:23:42,935 [main] INFO  org.apache.hadoop.conf.Configuration.deprecation - mapred.job.reduce.markreset.buffer.percent is deprecated. Instead, use mapreduce.reduce.markreset.buffer.percent
2026-09-11 20:23:42,935 [main] INFO  org.apache.pig.backend.hadoop.executionengine.mapReduceLayer.JobControlCompiler - mapred.job.reduce.markreset.buffer.percent is not set, set to default 0.3
2026-09-11 20:23:42,936 [main] INFO  org.apache.hadoop.conf.Configuration.deprecation - mapred.output.compress is deprecated. Instead, use mapreduce.output.fileoutputformat.compress
2026-09-11 20:23:42,938 [main] INFO  org.apache.pig.backend.hadoop.executionengine.mapReduceLayer.JobControlCompiler - Reduce phase detected, estimating # of required reducers.
2026-09-11 20:23:42,939 [main] INFO  org.apache.pig.backend.hadoop.executionengine.mapReduceLayer.JobControlCompiler - Using reducer estimator: org.apache.pig.backend.hadoop.executionengine.mapReduceLayer.InputSizeReducerEstimator
2026-09-11 20:23:42,945 [main] INFO  org.apache.pig.backend.hadoop.executionengine.mapReduceLayer.InputSizeReducerEstimator - BytesPerReducer=1000000000 maxReducers=999 totalInputFileSize=4863790
2026-09-11 20:23:42,945 [main] INFO  org.apache.pig.backend.hadoop.executionengine.mapReduceLayer.JobControlCompiler - Setting Parallelism to 1
2026-09-11 20:23:42,945 [main] INFO  org.apache.hadoop.conf.Configuration.deprecation - mapred.reduce.tasks is deprecated. Instead, use mapreduce.job.reduces
2026-09-11 20:23:42,945 [main] INFO  org.apache.pig.backend.hadoop.executionengine.mapReduceLayer.JobControlCompiler - This job cannot be converted run in-process
2026-09-11 20:23:42,963 [main] INFO  org.apache.hadoop.conf.Configuration.deprecation - mapred.submit.replication is deprecated. Instead, use mapreduce.client.submit.file.replication
2026-09-11 20:23:43,134 [main] INFO  org.apache.pig.backend.hadoop.executionengine.mapReduceLayer.JobControlCompiler - Added jar file:/home/rii/bigdata/pig-0.18.0/pig-0.18.0-core-h3.jar to DistributedCache through /tmp/temp-251705121/tmp-2022467333/pig-0.18.0-core-h3.jar
2026-09-11 20:23:43,173 [main] INFO  org.apache.pig.backend.hadoop.executionengine.mapReduceLayer.JobControlCompiler - Added jar file:/home/rii/bigdata/pig-0.18.0/lib/automaton-1.11-8.jar to DistributedCache through /tmp/temp-251705121/tmp-629170201/automaton-1.11-8.jar
2026-09-11 20:23:43,202 [main] INFO  org.apache.pig.backend.hadoop.executionengine.mapReduceLayer.JobControlCompiler - Added jar file:/home/rii/bigdata/pig-0.18.0/lib/antlr-runtime-3.4.jar to DistributedCache through /tmp/temp-251705121/tmp-2041110005/antlr-runtime-3.4.jar
2026-09-11 20:23:43,633 [main] INFO  org.apache.pig.backend.hadoop.executionengine.mapReduceLayer.JobControlCompiler - Added jar file:/home/rii/bigdata/pig-0.18.0/lib/joda-time-2.14.0.jar to DistributedCache through /tmp/temp-251705121/tmp-1038689531/joda-time-2.14.0.jar
2026-09-11 20:23:44,072 [main] INFO  org.apache.pig.backend.hadoop.executionengine.mapReduceLayer.JobControlCompiler - Added jar file:/home/rii/bigdata/pig-0.18.0/lib/RoaringBitmap-shaded-0.7.14.jar to DistributedCache through /tmp/temp-251705121/tmp407321936/RoaringBitmap-shaded-0.7.14.jar
2026-09-11 20:23:44,104 [main] INFO  org.apache.pig.backend.hadoop.executionengine.mapReduceLayer.JobControlCompiler - Setting up single store job
2026-09-11 20:23:44,107 [main] INFO  org.apache.pig.data.SchemaTupleFrontend - Key [pig.schematuple] is false, will not generate code.
2026-09-11 20:23:44,107 [main] INFO  org.apache.pig.data.SchemaTupleFrontend - Starting process to move generated code to distributed cache
2026-09-11 20:23:44,107 [main] INFO  org.apache.pig.data.SchemaTupleFrontend - Setting key [pig.schematuple.classes] with classes to deserialize []
2026-09-11 20:23:44,154 [main] INFO  org.apache.pig.backend.hadoop.executionengine.mapReduceLayer.MapReduceLauncher - 1 map-reduce job(s) waiting for submission.
2026-09-11 20:23:44,161 [JobControl] INFO  org.apache.hadoop.yarn.client.DefaultNoHARMFailoverProxyProvider - Connecting to ResourceManager at /0.0.0.0:8032
2026-09-11 20:23:44,174 [JobControl] INFO  org.apache.hadoop.conf.Configuration.deprecation - mapred.task.id is deprecated. Instead, use mapreduce.task.attempt.id
2026-09-11 20:23:44,176 [JobControl] INFO  org.apache.hadoop.conf.Configuration.deprecation - yarn.resourcemanager.system-metrics-publisher.enabled is deprecated. Instead, use yarn.system-metrics-publisher.enabled
2026-09-11 20:23:44,285 [JobControl] INFO  org.apache.hadoop.mapreduce.JobResourceUploader - Disabling Erasure Coding for path: /tmp/hadoop-yarn/staging/rii/.staging/job_1789136053647_0004
2026-09-11 20:23:44,302 [JobControl] WARN  org.apache.hadoop.mapreduce.JobResourceUploader - No job jar file set.  User classes may not be found. See Job or Job#setJar(String).
2026-09-11 20:23:44,335 [JobControl] INFO  org.apache.pig.builtin.PigStorage - Using PigTextInputFormat
2026-09-11 20:23:44,341 [JobControl] INFO  org.apache.hadoop.mapreduce.lib.input.FileInputFormat - Total input files to process : 1
2026-09-11 20:23:44,341 [JobControl] INFO  org.apache.pig.backend.hadoop.executionengine.util.MapRedUtil - Total input paths to process : 1
2026-09-11 20:23:44,372 [JobControl] INFO  org.apache.pig.backend.hadoop.executionengine.util.MapRedUtil - Total input paths (combined) to process : 1
2026-09-11 20:23:44,827 [JobControl] INFO  org.apache.hadoop.mapreduce.JobSubmitter - number of splits:1
2026-09-11 20:23:44,879 [JobControl] INFO  org.apache.hadoop.conf.Configuration.deprecation - yarn.resourcemanager.system-metrics-publisher.enabled is deprecated. Instead, use yarn.system-metrics-publisher.enabled
2026-09-11 20:23:45,403 [JobControl] INFO  org.apache.hadoop.mapreduce.JobSubmitter - Submitting tokens for job: job_1789136053647_0004
2026-09-11 20:23:45,403 [JobControl] INFO  org.apache.hadoop.mapreduce.JobSubmitter - Executing with tokens: []
2026-09-11 20:23:45,502 [JobControl] INFO  org.apache.hadoop.mapred.YARNRunner - Job jar is not present. Not adding any jar to the list of resources.
2026-09-11 20:23:45,549 [JobControl] INFO  org.apache.hadoop.conf.Configuration - resource-types.xml not found
2026-09-11 20:23:45,550 [JobControl] INFO  org.apache.hadoop.yarn.util.resource.ResourceUtils - Unable to find 'resource-types.xml'.
2026-09-11 20:23:45,830 [JobControl] INFO  org.apache.hadoop.yarn.client.api.impl.YarnClientImpl - Submitted application application_1789136053647_0004
2026-09-11 20:23:45,861 [JobControl] INFO  org.apache.hadoop.mapreduce.Job - The url to track the job: http://pop-os:8088/proxy/application_1789136053647_0004/
2026-09-11 20:23:45,862 [main] INFO  org.apache.pig.backend.hadoop.executionengine.mapReduceLayer.MapReduceLauncher - HadoopJobId: job_1789136053647_0004
2026-09-11 20:23:45,862 [main] INFO  org.apache.pig.backend.hadoop.executionengine.mapReduceLayer.MapReduceLauncher - Processing aliases cnt_for_ratings,games,grp_for_ratings,valid_games
2026-09-11 20:23:45,862 [main] INFO  org.apache.pig.backend.hadoop.executionengine.mapReduceLayer.MapReduceLauncher - detailed locations: M: games[2,8],games[-1,-1],valid_games[6,14],cnt_for_ratings[9,18],grp_for_ratings[8,18] C: cnt_for_ratings[9,18],grp_for_ratings[8,18] R: cnt_for_ratings[9,18]
2026-09-11 20:23:45,877 [main] INFO  org.apache.pig.backend.hadoop.executionengine.mapReduceLayer.MapReduceLauncher - 0% complete
2026-09-11 20:23:45,877 [main] INFO  org.apache.pig.backend.hadoop.executionengine.mapReduceLayer.MapReduceLauncher - Running jobs are [job_1789136053647_0004]
2026-09-11 20:23:58,000 [main] INFO  org.apache.pig.backend.hadoop.executionengine.mapReduceLayer.MapReduceLauncher - 25% complete
2026-09-11 20:23:58,001 [main] INFO  org.apache.pig.backend.hadoop.executionengine.mapReduceLayer.MapReduceLauncher - Running jobs are [job_1789136053647_0004]
2026-09-11 20:24:03,006 [main] INFO  org.apache.pig.backend.hadoop.executionengine.mapReduceLayer.MapReduceLauncher - 50% complete
2026-09-11 20:24:03,006 [main] INFO  org.apache.pig.backend.hadoop.executionengine.mapReduceLayer.MapReduceLauncher - Running jobs are [job_1789136053647_0004]
2026-09-11 20:24:06,028 [main] INFO  org.apache.hadoop.yarn.client.DefaultNoHARMFailoverProxyProvider - Connecting to ResourceManager at /0.0.0.0:8032
2026-09-11 20:24:06,051 [main] INFO  org.apache.hadoop.mapred.ClientServiceDelegate - Application state is completed. FinalApplicationStatus=SUCCEEDED. Redirecting to job history server
2026-09-11 20:24:07,460 [main] INFO  org.apache.hadoop.yarn.client.DefaultNoHARMFailoverProxyProvider - Connecting to ResourceManager at /0.0.0.0:8032
2026-09-11 20:24:07,467 [main] INFO  org.apache.hadoop.mapred.ClientServiceDelegate - Application state is completed. FinalApplicationStatus=SUCCEEDED. Redirecting to job history server
2026-09-11 20:24:07,492 [main] INFO  org.apache.hadoop.yarn.client.DefaultNoHARMFailoverProxyProvider - Connecting to ResourceManager at /0.0.0.0:8032
2026-09-11 20:24:07,497 [main] INFO  org.apache.hadoop.mapred.ClientServiceDelegate - Application state is completed. FinalApplicationStatus=SUCCEEDED. Redirecting to job history server
2026-09-11 20:24:07,542 [main] INFO  org.apache.pig.tools.pigstats.mapreduce.MRScriptState - Pig script settings are added to the job
2026-09-11 20:24:07,542 [main] INFO  org.apache.pig.backend.hadoop.executionengine.mapReduceLayer.JobControlCompiler - mapred.job.reduce.markreset.buffer.percent is not set, set to default 0.3
2026-09-11 20:24:07,543 [main] INFO  org.apache.pig.backend.hadoop.executionengine.mapReduceLayer.JobControlCompiler - Reduce phase detected, estimating # of required reducers.
2026-09-11 20:24:07,543 [main] INFO  org.apache.pig.backend.hadoop.executionengine.mapReduceLayer.JobControlCompiler - Setting Parallelism to 1
2026-09-11 20:24:07,543 [main] INFO  org.apache.pig.backend.hadoop.executionengine.mapReduceLayer.JobControlCompiler - This job cannot be converted run in-process
2026-09-11 20:24:07,712 [main] INFO  org.apache.pig.backend.hadoop.executionengine.mapReduceLayer.JobControlCompiler - Added jar file:/home/rii/bigdata/pig-0.18.0/pig-0.18.0-core-h3.jar to DistributedCache through /tmp/temp-251705121/tmp-602122331/pig-0.18.0-core-h3.jar
2026-09-11 20:24:08,183 [main] INFO  org.apache.pig.backend.hadoop.executionengine.mapReduceLayer.JobControlCompiler - Added jar file:/home/rii/bigdata/pig-0.18.0/lib/automaton-1.11-8.jar to DistributedCache through /tmp/temp-251705121/tmp1238373813/automaton-1.11-8.jar
2026-09-11 20:24:08,217 [main] INFO  org.apache.pig.backend.hadoop.executionengine.mapReduceLayer.JobControlCompiler - Added jar file:/home/rii/bigdata/pig-0.18.0/lib/antlr-runtime-3.4.jar to DistributedCache through /tmp/temp-251705121/tmp-108630217/antlr-runtime-3.4.jar
2026-09-11 20:24:08,244 [main] INFO  org.apache.pig.backend.hadoop.executionengine.mapReduceLayer.JobControlCompiler - Added jar file:/home/rii/bigdata/pig-0.18.0/lib/joda-time-2.14.0.jar to DistributedCache through /tmp/temp-251705121/tmp2020329361/joda-time-2.14.0.jar
2026-09-11 20:24:08,673 [main] INFO  org.apache.pig.backend.hadoop.executionengine.mapReduceLayer.JobControlCompiler - Added jar file:/home/rii/bigdata/pig-0.18.0/lib/RoaringBitmap-shaded-0.7.14.jar to DistributedCache through /tmp/temp-251705121/tmp357623060/RoaringBitmap-shaded-0.7.14.jar
2026-09-11 20:24:08,687 [main] INFO  org.apache.pig.backend.hadoop.executionengine.mapReduceLayer.JobControlCompiler - Setting up single store job
2026-09-11 20:24:08,688 [main] INFO  org.apache.pig.data.SchemaTupleFrontend - Key [pig.schematuple] is false, will not generate code.
2026-09-11 20:24:08,688 [main] INFO  org.apache.pig.data.SchemaTupleFrontend - Starting process to move generated code to distributed cache
2026-09-11 20:24:08,688 [main] INFO  org.apache.pig.data.SchemaTupleFrontend - Setting key [pig.schematuple.classes] with classes to deserialize []
2026-09-11 20:24:08,701 [main] INFO  org.apache.pig.backend.hadoop.executionengine.mapReduceLayer.MapReduceLauncher - 1 map-reduce job(s) waiting for submission.
2026-09-11 20:24:08,704 [JobControl] INFO  org.apache.hadoop.yarn.client.DefaultNoHARMFailoverProxyProvider - Connecting to ResourceManager at /0.0.0.0:8032
2026-09-11 20:24:08,709 [JobControl] INFO  org.apache.hadoop.conf.Configuration.deprecation - yarn.resourcemanager.system-metrics-publisher.enabled is deprecated. Instead, use yarn.system-metrics-publisher.enabled
2026-09-11 20:24:08,720 [JobControl] INFO  org.apache.hadoop.mapreduce.JobResourceUploader - Disabling Erasure Coding for path: /tmp/hadoop-yarn/staging/rii/.staging/job_1789136053647_0005
2026-09-11 20:24:08,724 [JobControl] WARN  org.apache.hadoop.mapreduce.JobResourceUploader - No job jar file set.  User classes may not be found. See Job or Job#setJar(String).
2026-09-11 20:24:08,750 [JobControl] INFO  org.apache.hadoop.mapreduce.lib.input.FileInputFormat - Total input files to process : 1
2026-09-11 20:24:08,750 [JobControl] INFO  org.apache.pig.backend.hadoop.executionengine.util.MapRedUtil - Total input paths to process : 1
2026-09-11 20:24:08,750 [JobControl] INFO  org.apache.pig.backend.hadoop.executionengine.util.MapRedUtil - Total input paths (combined) to process : 1
2026-09-11 20:24:09,601 [JobControl] INFO  org.apache.hadoop.mapreduce.JobSubmitter - number of splits:1
2026-09-11 20:24:10,033 [JobControl] INFO  org.apache.hadoop.mapreduce.JobSubmitter - Submitting tokens for job: job_1789136053647_0005
2026-09-11 20:24:10,033 [JobControl] INFO  org.apache.hadoop.mapreduce.JobSubmitter - Executing with tokens: []
2026-09-11 20:24:10,038 [JobControl] INFO  org.apache.hadoop.mapred.YARNRunner - Job jar is not present. Not adding any jar to the list of resources.
2026-09-11 20:24:10,079 [JobControl] INFO  org.apache.hadoop.yarn.client.api.impl.YarnClientImpl - Submitted application application_1789136053647_0005
2026-09-11 20:24:10,089 [JobControl] INFO  org.apache.hadoop.mapreduce.Job - The url to track the job: http://pop-os:8088/proxy/application_1789136053647_0005/
2026-09-11 20:24:10,090 [main] INFO  org.apache.pig.backend.hadoop.executionengine.mapReduceLayer.MapReduceLauncher - HadoopJobId: job_1789136053647_0005
2026-09-11 20:24:10,090 [main] INFO  org.apache.pig.backend.hadoop.executionengine.mapReduceLayer.MapReduceLauncher - Processing aliases grp_all,srt,top5_for_ratings
2026-09-11 20:24:10,090 [main] INFO  org.apache.pig.backend.hadoop.executionengine.mapReduceLayer.MapReduceLauncher - detailed locations: M: grp_all[11,10] C:  R: top5_for_ratings[12,19],srt[13,10]
2026-09-11 20:24:27,277 [main] INFO  org.apache.pig.backend.hadoop.executionengine.mapReduceLayer.MapReduceLauncher - 75% complete
2026-09-11 20:24:27,278 [main] INFO  org.apache.pig.backend.hadoop.executionengine.mapReduceLayer.MapReduceLauncher - Running jobs are [job_1789136053647_0005]
2026-09-11 20:24:32,289 [main] INFO  org.apache.pig.backend.hadoop.executionengine.mapReduceLayer.MapReduceLauncher - Running jobs are [job_1789136053647_0005]
2026-09-11 20:24:35,309 [main] INFO  org.apache.hadoop.yarn.client.DefaultNoHARMFailoverProxyProvider - Connecting to ResourceManager at /0.0.0.0:8032
2026-09-11 20:24:35,317 [main] INFO  org.apache.hadoop.mapred.ClientServiceDelegate - Application state is completed. FinalApplicationStatus=SUCCEEDED. Redirecting to job history server
2026-09-11 20:24:35,390 [main] INFO  org.apache.hadoop.yarn.client.DefaultNoHARMFailoverProxyProvider - Connecting to ResourceManager at /0.0.0.0:8032
2026-09-11 20:24:35,397 [main] INFO  org.apache.hadoop.mapred.ClientServiceDelegate - Application state is completed. FinalApplicationStatus=SUCCEEDED. Redirecting to job history server
2026-09-11 20:24:35,414 [main] INFO  org.apache.hadoop.yarn.client.DefaultNoHARMFailoverProxyProvider - Connecting to ResourceManager at /0.0.0.0:8032
2026-09-11 20:24:35,421 [main] INFO  org.apache.hadoop.mapred.ClientServiceDelegate - Application state is completed. FinalApplicationStatus=SUCCEEDED. Redirecting to job history server
2026-09-11 20:24:35,436 [main] INFO  org.apache.pig.backend.hadoop.executionengine.mapReduceLayer.MapReduceLauncher - 100% complete
2026-09-11 20:24:35,449 [main] INFO  org.apache.pig.tools.pigstats.mapreduce.SimplePigStats - Script Statistics: 

HadoopVersion	PigVersion	UserId	StartedAt	FinishedAt	Features
3.4.1	0.18.0	rii	2026-09-11 20:23:42	2026-09-11 20:24:35	GROUP_BY,FILTER

Success!

Job Stats (time in seconds):
JobId	Maps	Reduces	MaxMapTime	MinMapTime	AvgMapTime	MedianMapTime	MaxReduceTime	MinReduceTime	AvgReduceTime	MedianReducetime	Alias	Feature	Outputs
job_1789136053647_0004	1	1	3	3	3	3	1	1	1	1	cnt_for_ratings,games,grp_for_ratings,valid_games	GROUP_BY,COMBINER	
job_1789136053647_0005	1	1	5	5	5	5	4	4	4	4	grp_all,srt,top5_for_ratings	GROUP_BY	/steam/pig/Top5Ratings,

Input(s):
Successfully read 50873 records (4864154 bytes) from: "/steam/games.csv"

Output(s):
Successfully stored 5 records (89 bytes) in: "/steam/pig/Top5Ratings"

Counters:
Total records written : 5
Total bytes written : 89
Spillable Memory Manager spill count : 0
Total bags proactively spilled: 0
Total records proactively spilled: 0

Job DAG:
job_1789136053647_0004	->	job_1789136053647_0005,
job_1789136053647_0005


2026-09-11 20:24:35,451 [main] INFO  org.apache.hadoop.yarn.client.DefaultNoHARMFailoverProxyProvider - Connecting to ResourceManager at /0.0.0.0:8032
2026-09-11 20:24:35,455 [main] INFO  org.apache.hadoop.mapred.ClientServiceDelegate - Application state is completed. FinalApplicationStatus=SUCCEEDED. Redirecting to job history server
2026-09-11 20:24:35,471 [main] INFO  org.apache.hadoop.yarn.client.DefaultNoHARMFailoverProxyProvider - Connecting to ResourceManager at /0.0.0.0:8032
2026-09-11 20:24:35,474 [main] INFO  org.apache.hadoop.mapred.ClientServiceDelegate - Application state is completed. FinalApplicationStatus=SUCCEEDED. Redirecting to job history server
2026-09-11 20:24:35,493 [main] INFO  org.apache.hadoop.yarn.client.DefaultNoHARMFailoverProxyProvider - Connecting to ResourceManager at /0.0.0.0:8032
2026-09-11 20:24:35,496 [main] INFO  org.apache.hadoop.mapred.ClientServiceDelegate - Application state is completed. FinalApplicationStatus=SUCCEEDED. Redirecting to job history server
2026-09-11 20:24:35,514 [main] INFO  org.apache.hadoop.yarn.client.DefaultNoHARMFailoverProxyProvider - Connecting to ResourceManager at /0.0.0.0:8032
2026-09-11 20:24:35,518 [main] INFO  org.apache.hadoop.mapred.ClientServiceDelegate - Application state is completed. FinalApplicationStatus=SUCCEEDED. Redirecting to job history server
2026-09-11 20:24:35,534 [main] INFO  org.apache.hadoop.yarn.client.DefaultNoHARMFailoverProxyProvider - Connecting to ResourceManager at /0.0.0.0:8032
2026-09-11 20:24:35,537 [main] INFO  org.apache.hadoop.mapred.ClientServiceDelegate - Application state is completed. FinalApplicationStatus=SUCCEEDED. Redirecting to job history server
2026-09-11 20:24:35,552 [main] INFO  org.apache.hadoop.yarn.client.DefaultNoHARMFailoverProxyProvider - Connecting to ResourceManager at /0.0.0.0:8032
2026-09-11 20:24:35,558 [main] INFO  org.apache.hadoop.mapred.ClientServiceDelegate - Application state is completed. FinalApplicationStatus=SUCCEEDED. Redirecting to job history server
2026-09-11 20:24:35,576 [main] WARN  org.apache.pig.backend.hadoop.executionengine.mapReduceLayer.MapReduceLauncher - Encountered Warning FIELD_DISCARDED_TYPE_CONVERSION_FAILED 6 time(s).
2026-09-11 20:24:35,576 [main] INFO  org.apache.pig.backend.hadoop.executionengine.mapReduceLayer.MapReduceLauncher - Success!
2026-09-11 20:24:35,593 [main] INFO  org.apache.pig.Main - Pig script completed in 54 seconds and 81 milliseconds (54081 ms)
__EXIT__=0
