$ pig -x mapreduce -f PigAnalysis/scripts/top10Reviewed.pig
2026-09-11 20:24:37,945 INFO pig.ExecTypeProvider: Trying ExecType : LOCAL
2026-09-11 20:24:37,946 INFO pig.ExecTypeProvider: Trying ExecType : MAPREDUCE
2026-09-11 20:24:37,946 INFO pig.ExecTypeProvider: Picked MAPREDUCE as the ExecType
2026-09-11 20:24:37,984 [main] INFO  org.apache.pig.Main - Apache Pig version 0.18.0 (r1926484) compiled Jun 16 2025, 10:38:21
2026-09-11 20:24:37,984 [main] INFO  org.apache.pig.Main - Logging error messages to: /home/rii/Documents/study/8th Semester/BDAL/Steam-Data-Analysis-using-Hadoop/pig_1789136677977.log
2026-09-11 20:24:38,190 [main] WARN  org.apache.hadoop.util.NativeCodeLoader - Unable to load native-hadoop library for your platform... using builtin-java classes where applicable
2026-09-11 20:24:38,415 [main] INFO  org.apache.pig.impl.util.Utils - Default bootup file /home/rii/.pigbootup not found
2026-09-11 20:24:38,505 [main] INFO  org.apache.hadoop.conf.Configuration.deprecation - mapred.job.tracker is deprecated. Instead, use mapreduce.jobtracker.address
2026-09-11 20:24:38,505 [main] INFO  org.apache.pig.backend.hadoop.executionengine.HExecutionEngine - Connecting to hadoop file system at: hdfs://localhost:9000
2026-09-11 20:24:39,124 [main] INFO  org.apache.pig.PigServer - Pig Script ID for the session: PIG-top10Reviewed.pig-5e3cbb26-e2ec-4f9d-b5e0-f1332ec13174
2026-09-11 20:24:39,124 [main] WARN  org.apache.pig.PigServer - ATS is disabled since yarn.timeline-service.enabled set to false
2026-09-11 20:24:39,640 [main] INFO  org.apache.hadoop.conf.Configuration.deprecation - mapred.textoutputformat.separator is deprecated. Instead, use mapreduce.output.textoutputformat.separator
2026-09-11 20:24:39,655 [main] INFO  org.apache.pig.tools.pigstats.ScriptState - Pig features used in the script: GROUP_BY,FILTER
2026-09-11 20:24:39,676 [main] INFO  org.apache.pig.data.SchemaTupleBackend - Key [pig.schematuple] was not set... will not generate code.
2026-09-11 20:24:39,708 [main] INFO  org.apache.pig.newplan.logical.optimizer.LogicalPlanOptimizer - {RULES_ENABLED=[AddForEach, ColumnMapKeyPrune, FilterConstantCalculator, ForEachConstantCalculator, GroupByConstParallelSetter, LimitOptimizer, LoadTypeCastInserter, MergeFilter, MergeForEach, NestedLimitOptimizer, PartitionFilterOptimizer, PredicatePushdownOptimizer, PushDownForEachFlatten, PushUpFilter, SplitConstantCalculator, SplitFilter, StreamTypeCastInserter]}
2026-09-11 20:24:39,754 [main] INFO  org.apache.pig.impl.util.SpillableMemoryManager - Selected heap (G1 Old Gen) of size 1048576000 to monitor. collectionUsageThreshold = 734003200, usageThreshold = 734003200
2026-09-11 20:24:39,790 [main] INFO  org.apache.pig.backend.hadoop.executionengine.mapReduceLayer.MRCompiler - File concatenation threshold: 100 optimistic? false
2026-09-11 20:24:39,811 [main] INFO  org.apache.pig.backend.hadoop.executionengine.mapReduceLayer.MultiQueryOptimizer - MR plan size before optimization: 1
2026-09-11 20:24:39,811 [main] INFO  org.apache.pig.backend.hadoop.executionengine.mapReduceLayer.MultiQueryOptimizer - MR plan size after optimization: 1
2026-09-11 20:24:39,908 [main] INFO  org.apache.hadoop.yarn.client.DefaultNoHARMFailoverProxyProvider - Connecting to ResourceManager at /0.0.0.0:8032
2026-09-11 20:24:40,067 [main] INFO  org.apache.hadoop.conf.Configuration.deprecation - yarn.resourcemanager.system-metrics-publisher.enabled is deprecated. Instead, use yarn.system-metrics-publisher.enabled
2026-09-11 20:24:40,079 [main] INFO  org.apache.pig.tools.pigstats.mapreduce.MRScriptState - Pig script settings are added to the job
2026-09-11 20:24:40,084 [main] INFO  org.apache.hadoop.conf.Configuration.deprecation - mapred.job.reduce.markreset.buffer.percent is deprecated. Instead, use mapreduce.reduce.markreset.buffer.percent
2026-09-11 20:24:40,084 [main] INFO  org.apache.pig.backend.hadoop.executionengine.mapReduceLayer.JobControlCompiler - mapred.job.reduce.markreset.buffer.percent is not set, set to default 0.3
2026-09-11 20:24:40,086 [main] INFO  org.apache.hadoop.conf.Configuration.deprecation - mapred.output.compress is deprecated. Instead, use mapreduce.output.fileoutputformat.compress
2026-09-11 20:24:40,088 [main] INFO  org.apache.pig.backend.hadoop.executionengine.mapReduceLayer.JobControlCompiler - Reduce phase detected, estimating # of required reducers.
2026-09-11 20:24:40,088 [main] INFO  org.apache.pig.backend.hadoop.executionengine.mapReduceLayer.JobControlCompiler - Setting Parallelism to 1
2026-09-11 20:24:40,088 [main] INFO  org.apache.hadoop.conf.Configuration.deprecation - mapred.reduce.tasks is deprecated. Instead, use mapreduce.job.reduces
2026-09-11 20:24:40,088 [main] INFO  org.apache.pig.backend.hadoop.executionengine.mapReduceLayer.JobControlCompiler - This job cannot be converted run in-process
2026-09-11 20:24:40,108 [main] INFO  org.apache.hadoop.conf.Configuration.deprecation - mapred.submit.replication is deprecated. Instead, use mapreduce.client.submit.file.replication
2026-09-11 20:24:40,301 [main] INFO  org.apache.pig.backend.hadoop.executionengine.mapReduceLayer.JobControlCompiler - Added jar file:/home/rii/bigdata/pig-0.18.0/pig-0.18.0-core-h3.jar to DistributedCache through /tmp/temp-592995466/tmp602843273/pig-0.18.0-core-h3.jar
2026-09-11 20:24:40,739 [main] INFO  org.apache.pig.backend.hadoop.executionengine.mapReduceLayer.JobControlCompiler - Added jar file:/home/rii/bigdata/pig-0.18.0/lib/automaton-1.11-8.jar to DistributedCache through /tmp/temp-592995466/tmp274439624/automaton-1.11-8.jar
2026-09-11 20:24:40,768 [main] INFO  org.apache.pig.backend.hadoop.executionengine.mapReduceLayer.JobControlCompiler - Added jar file:/home/rii/bigdata/pig-0.18.0/lib/antlr-runtime-3.4.jar to DistributedCache through /tmp/temp-592995466/tmp65050154/antlr-runtime-3.4.jar
2026-09-11 20:24:40,792 [main] INFO  org.apache.pig.backend.hadoop.executionengine.mapReduceLayer.JobControlCompiler - Added jar file:/home/rii/bigdata/pig-0.18.0/lib/joda-time-2.14.0.jar to DistributedCache through /tmp/temp-592995466/tmp1081772220/joda-time-2.14.0.jar
2026-09-11 20:24:41,219 [main] INFO  org.apache.pig.backend.hadoop.executionengine.mapReduceLayer.JobControlCompiler - Added jar file:/home/rii/bigdata/pig-0.18.0/lib/RoaringBitmap-shaded-0.7.14.jar to DistributedCache through /tmp/temp-592995466/tmp-1793961007/RoaringBitmap-shaded-0.7.14.jar
2026-09-11 20:24:41,246 [main] INFO  org.apache.pig.backend.hadoop.executionengine.mapReduceLayer.JobControlCompiler - Setting up single store job
2026-09-11 20:24:41,252 [main] INFO  org.apache.pig.data.SchemaTupleFrontend - Key [pig.schematuple] is false, will not generate code.
2026-09-11 20:24:41,252 [main] INFO  org.apache.pig.data.SchemaTupleFrontend - Starting process to move generated code to distributed cache
2026-09-11 20:24:41,252 [main] INFO  org.apache.pig.data.SchemaTupleFrontend - Setting key [pig.schematuple.classes] with classes to deserialize []
2026-09-11 20:24:41,297 [main] INFO  org.apache.pig.backend.hadoop.executionengine.mapReduceLayer.MapReduceLauncher - 1 map-reduce job(s) waiting for submission.
2026-09-11 20:24:41,305 [JobControl] INFO  org.apache.hadoop.yarn.client.DefaultNoHARMFailoverProxyProvider - Connecting to ResourceManager at /0.0.0.0:8032
2026-09-11 20:24:41,316 [JobControl] INFO  org.apache.hadoop.conf.Configuration.deprecation - mapred.task.id is deprecated. Instead, use mapreduce.task.attempt.id
2026-09-11 20:24:41,317 [JobControl] INFO  org.apache.hadoop.conf.Configuration.deprecation - yarn.resourcemanager.system-metrics-publisher.enabled is deprecated. Instead, use yarn.system-metrics-publisher.enabled
2026-09-11 20:24:41,407 [JobControl] INFO  org.apache.hadoop.mapreduce.JobResourceUploader - Disabling Erasure Coding for path: /tmp/hadoop-yarn/staging/rii/.staging/job_1789136053647_0006
2026-09-11 20:24:41,417 [JobControl] WARN  org.apache.hadoop.mapreduce.JobResourceUploader - No job jar file set.  User classes may not be found. See Job or Job#setJar(String).
2026-09-11 20:24:41,452 [JobControl] INFO  org.apache.pig.builtin.PigStorage - Using PigTextInputFormat
2026-09-11 20:24:41,456 [JobControl] INFO  org.apache.hadoop.mapreduce.lib.input.FileInputFormat - Total input files to process : 1
2026-09-11 20:24:41,456 [JobControl] INFO  org.apache.pig.backend.hadoop.executionengine.util.MapRedUtil - Total input paths to process : 1
2026-09-11 20:24:41,471 [JobControl] INFO  org.apache.pig.backend.hadoop.executionengine.util.MapRedUtil - Total input paths (combined) to process : 1
2026-09-11 20:24:42,340 [JobControl] INFO  org.apache.hadoop.mapreduce.JobSubmitter - number of splits:1
2026-09-11 20:24:42,380 [JobControl] INFO  org.apache.hadoop.conf.Configuration.deprecation - yarn.resourcemanager.system-metrics-publisher.enabled is deprecated. Instead, use yarn.system-metrics-publisher.enabled
2026-09-11 20:24:42,482 [JobControl] INFO  org.apache.hadoop.mapreduce.JobSubmitter - Submitting tokens for job: job_1789136053647_0006
2026-09-11 20:24:42,483 [JobControl] INFO  org.apache.hadoop.mapreduce.JobSubmitter - Executing with tokens: []
2026-09-11 20:24:42,583 [JobControl] INFO  org.apache.hadoop.mapred.YARNRunner - Job jar is not present. Not adding any jar to the list of resources.
2026-09-11 20:24:42,636 [JobControl] INFO  org.apache.hadoop.conf.Configuration - resource-types.xml not found
2026-09-11 20:24:42,637 [JobControl] INFO  org.apache.hadoop.yarn.util.resource.ResourceUtils - Unable to find 'resource-types.xml'.
2026-09-11 20:24:42,699 [JobControl] INFO  org.apache.hadoop.yarn.client.api.impl.YarnClientImpl - Submitted application application_1789136053647_0006
2026-09-11 20:24:42,726 [JobControl] INFO  org.apache.hadoop.mapreduce.Job - The url to track the job: http://pop-os:8088/proxy/application_1789136053647_0006/
2026-09-11 20:24:42,727 [main] INFO  org.apache.pig.backend.hadoop.executionengine.mapReduceLayer.MapReduceLauncher - HadoopJobId: job_1789136053647_0006
2026-09-11 20:24:42,727 [main] INFO  org.apache.pig.backend.hadoop.executionengine.mapReduceLayer.MapReduceLauncher - Processing aliases final_top10_reviewed,games,grp_all,srt,top10,valid_games
2026-09-11 20:24:42,727 [main] INFO  org.apache.pig.backend.hadoop.executionengine.mapReduceLayer.MapReduceLauncher - detailed locations: M: games[2,8],games[-1,-1],valid_games[6,14],grp_all[8,10] C:  R: top10[9,8],srt[10,10],final_top10_reviewed[14,23]
2026-09-11 20:24:42,742 [main] INFO  org.apache.pig.backend.hadoop.executionengine.mapReduceLayer.MapReduceLauncher - 0% complete
2026-09-11 20:24:42,743 [main] INFO  org.apache.pig.backend.hadoop.executionengine.mapReduceLayer.MapReduceLauncher - Running jobs are [job_1789136053647_0006]
2026-09-11 20:24:59,870 [main] INFO  org.apache.pig.backend.hadoop.executionengine.mapReduceLayer.MapReduceLauncher - 50% complete
2026-09-11 20:24:59,871 [main] INFO  org.apache.pig.backend.hadoop.executionengine.mapReduceLayer.MapReduceLauncher - Running jobs are [job_1789136053647_0006]
2026-09-11 20:25:18,173 [main] INFO  org.apache.pig.backend.hadoop.executionengine.mapReduceLayer.MapReduceLauncher - Running jobs are [job_1789136053647_0006]
2026-09-11 20:25:23,371 [main] INFO  org.apache.hadoop.yarn.client.DefaultNoHARMFailoverProxyProvider - Connecting to ResourceManager at /0.0.0.0:8032
2026-09-11 20:25:23,557 [main] INFO  org.apache.hadoop.mapred.ClientServiceDelegate - Application state is completed. FinalApplicationStatus=SUCCEEDED. Redirecting to job history server
2026-09-11 20:25:24,929 [main] INFO  org.apache.hadoop.yarn.client.DefaultNoHARMFailoverProxyProvider - Connecting to ResourceManager at /0.0.0.0:8032
2026-09-11 20:25:24,947 [main] INFO  org.apache.hadoop.mapred.ClientServiceDelegate - Application state is completed. FinalApplicationStatus=SUCCEEDED. Redirecting to job history server
2026-09-11 20:25:25,067 [main] INFO  org.apache.hadoop.yarn.client.DefaultNoHARMFailoverProxyProvider - Connecting to ResourceManager at /0.0.0.0:8032
2026-09-11 20:25:25,080 [main] INFO  org.apache.hadoop.mapred.ClientServiceDelegate - Application state is completed. FinalApplicationStatus=SUCCEEDED. Redirecting to job history server
2026-09-11 20:25:25,292 [main] INFO  org.apache.pig.backend.hadoop.executionengine.mapReduceLayer.MapReduceLauncher - 100% complete
2026-09-11 20:25:25,310 [main] INFO  org.apache.pig.tools.pigstats.mapreduce.SimplePigStats - Script Statistics: 

HadoopVersion	PigVersion	UserId	StartedAt	FinishedAt	Features
3.4.1	0.18.0	rii	2026-09-11 20:24:40	2026-09-11 20:25:25	GROUP_BY,FILTER

Success!

Job Stats (time in seconds):
JobId	Maps	Reduces	MaxMapTime	MinMapTime	AvgMapTime	MedianMapTime	MaxReduceTime	MinReduceTime	AvgReduceTime	MedianReducetime	Alias	Feature	Outputs
job_1789136053647_0006	1	1	3	3	3	3	15	15	15	15	final_top10_reviewed,games,grp_all,srt,top10,valid_games	GROUP_BY	/steam/pig/Top10Reviewed,

Input(s):
Successfully read 50873 records (4864154 bytes) from: "/steam/games.csv"

Output(s):
Successfully stored 10 records (486 bytes) in: "/steam/pig/Top10Reviewed"

Counters:
Total records written : 10
Total bytes written : 486
Spillable Memory Manager spill count : 0
Total bags proactively spilled: 0
Total records proactively spilled: 0

Job DAG:
job_1789136053647_0006


2026-09-11 20:25:25,331 [main] INFO  org.apache.hadoop.yarn.client.DefaultNoHARMFailoverProxyProvider - Connecting to ResourceManager at /0.0.0.0:8032
2026-09-11 20:25:25,340 [main] INFO  org.apache.hadoop.mapred.ClientServiceDelegate - Application state is completed. FinalApplicationStatus=SUCCEEDED. Redirecting to job history server
2026-09-11 20:25:25,417 [main] INFO  org.apache.hadoop.yarn.client.DefaultNoHARMFailoverProxyProvider - Connecting to ResourceManager at /0.0.0.0:8032
2026-09-11 20:25:25,430 [main] INFO  org.apache.hadoop.mapred.ClientServiceDelegate - Application state is completed. FinalApplicationStatus=SUCCEEDED. Redirecting to job history server
2026-09-11 20:25:25,504 [main] INFO  org.apache.hadoop.yarn.client.DefaultNoHARMFailoverProxyProvider - Connecting to ResourceManager at /0.0.0.0:8032
2026-09-11 20:25:25,516 [main] INFO  org.apache.hadoop.mapred.ClientServiceDelegate - Application state is completed. FinalApplicationStatus=SUCCEEDED. Redirecting to job history server
2026-09-11 20:25:25,573 [main] WARN  org.apache.pig.backend.hadoop.executionengine.mapReduceLayer.MapReduceLauncher - Encountered Warning FIELD_DISCARDED_TYPE_CONVERSION_FAILED 6 time(s).
2026-09-11 20:25:25,573 [main] INFO  org.apache.pig.backend.hadoop.executionengine.mapReduceLayer.MapReduceLauncher - Success!
2026-09-11 20:25:25,672 [main] INFO  org.apache.pig.Main - Pig script completed in 47 seconds and 736 milliseconds (47736 ms)
__EXIT__=0
