$ pig -x mapreduce -f PigAnalysis/scripts/top10ReviewedByRating.pig
2026-09-11 20:25:29,770 INFO pig.ExecTypeProvider: Trying ExecType : LOCAL
2026-09-11 20:25:29,773 INFO pig.ExecTypeProvider: Trying ExecType : MAPREDUCE
2026-09-11 20:25:29,773 INFO pig.ExecTypeProvider: Picked MAPREDUCE as the ExecType
2026-09-11 20:25:29,869 [main] INFO  org.apache.pig.Main - Apache Pig version 0.18.0 (r1926484) compiled Jun 16 2025, 10:38:21
2026-09-11 20:25:29,869 [main] INFO  org.apache.pig.Main - Logging error messages to: /home/rii/Documents/study/8th Semester/BDAL/Steam-Data-Analysis-using-Hadoop/pig_1789136729853.log
2026-09-11 20:25:30,067 [main] WARN  org.apache.hadoop.util.NativeCodeLoader - Unable to load native-hadoop library for your platform... using builtin-java classes where applicable
2026-09-11 20:25:30,210 [main] INFO  org.apache.pig.impl.util.Utils - Default bootup file /home/rii/.pigbootup not found
2026-09-11 20:25:30,325 [main] INFO  org.apache.hadoop.conf.Configuration.deprecation - mapred.job.tracker is deprecated. Instead, use mapreduce.jobtracker.address
2026-09-11 20:25:30,325 [main] INFO  org.apache.pig.backend.hadoop.executionengine.HExecutionEngine - Connecting to hadoop file system at: hdfs://localhost:9000
2026-09-11 20:25:31,090 [main] INFO  org.apache.pig.PigServer - Pig Script ID for the session: PIG-top10ReviewedByRating.pig-3ddd4271-472f-4369-8c06-f150d686fb1b
2026-09-11 20:25:31,090 [main] WARN  org.apache.pig.PigServer - ATS is disabled since yarn.timeline-service.enabled set to false
2026-09-11 20:25:31,778 [main] INFO  org.apache.hadoop.conf.Configuration.deprecation - mapred.textoutputformat.separator is deprecated. Instead, use mapreduce.output.textoutputformat.separator
2026-09-11 20:25:31,799 [main] INFO  org.apache.pig.tools.pigstats.ScriptState - Pig features used in the script: GROUP_BY,FILTER
2026-09-11 20:25:31,821 [main] INFO  org.apache.pig.data.SchemaTupleBackend - Key [pig.schematuple] was not set... will not generate code.
2026-09-11 20:25:31,852 [main] INFO  org.apache.pig.newplan.logical.optimizer.LogicalPlanOptimizer - {RULES_ENABLED=[AddForEach, ColumnMapKeyPrune, FilterConstantCalculator, ForEachConstantCalculator, GroupByConstParallelSetter, LimitOptimizer, LoadTypeCastInserter, MergeFilter, MergeForEach, NestedLimitOptimizer, PartitionFilterOptimizer, PredicatePushdownOptimizer, PushDownForEachFlatten, PushUpFilter, SplitConstantCalculator, SplitFilter, StreamTypeCastInserter]}
2026-09-11 20:25:31,893 [main] INFO  org.apache.pig.impl.util.SpillableMemoryManager - Selected heap (G1 Old Gen) of size 1048576000 to monitor. collectionUsageThreshold = 734003200, usageThreshold = 734003200
2026-09-11 20:25:31,939 [main] INFO  org.apache.pig.backend.hadoop.executionengine.mapReduceLayer.MRCompiler - File concatenation threshold: 100 optimistic? false
2026-09-11 20:25:31,963 [main] INFO  org.apache.pig.backend.hadoop.executionengine.mapReduceLayer.MultiQueryOptimizer - MR plan size before optimization: 1
2026-09-11 20:25:31,963 [main] INFO  org.apache.pig.backend.hadoop.executionengine.mapReduceLayer.MultiQueryOptimizer - MR plan size after optimization: 1
2026-09-11 20:25:32,084 [main] INFO  org.apache.hadoop.yarn.client.DefaultNoHARMFailoverProxyProvider - Connecting to ResourceManager at /0.0.0.0:8032
2026-09-11 20:25:32,354 [main] INFO  org.apache.hadoop.conf.Configuration.deprecation - yarn.resourcemanager.system-metrics-publisher.enabled is deprecated. Instead, use yarn.system-metrics-publisher.enabled
2026-09-11 20:25:32,376 [main] INFO  org.apache.pig.tools.pigstats.mapreduce.MRScriptState - Pig script settings are added to the job
2026-09-11 20:25:32,387 [main] INFO  org.apache.hadoop.conf.Configuration.deprecation - mapred.job.reduce.markreset.buffer.percent is deprecated. Instead, use mapreduce.reduce.markreset.buffer.percent
2026-09-11 20:25:32,387 [main] INFO  org.apache.pig.backend.hadoop.executionengine.mapReduceLayer.JobControlCompiler - mapred.job.reduce.markreset.buffer.percent is not set, set to default 0.3
2026-09-11 20:25:32,391 [main] INFO  org.apache.hadoop.conf.Configuration.deprecation - mapred.output.compress is deprecated. Instead, use mapreduce.output.fileoutputformat.compress
2026-09-11 20:25:32,395 [main] INFO  org.apache.pig.backend.hadoop.executionengine.mapReduceLayer.JobControlCompiler - Reduce phase detected, estimating # of required reducers.
2026-09-11 20:25:32,396 [main] INFO  org.apache.pig.backend.hadoop.executionengine.mapReduceLayer.JobControlCompiler - Using reducer estimator: org.apache.pig.backend.hadoop.executionengine.mapReduceLayer.InputSizeReducerEstimator
2026-09-11 20:25:32,405 [main] INFO  org.apache.pig.backend.hadoop.executionengine.mapReduceLayer.InputSizeReducerEstimator - BytesPerReducer=1000000000 maxReducers=999 totalInputFileSize=4863790
2026-09-11 20:25:32,406 [main] INFO  org.apache.pig.backend.hadoop.executionengine.mapReduceLayer.JobControlCompiler - Setting Parallelism to 1
2026-09-11 20:25:32,406 [main] INFO  org.apache.hadoop.conf.Configuration.deprecation - mapred.reduce.tasks is deprecated. Instead, use mapreduce.job.reduces
2026-09-11 20:25:32,406 [main] INFO  org.apache.pig.backend.hadoop.executionengine.mapReduceLayer.JobControlCompiler - This job cannot be converted run in-process
2026-09-11 20:25:32,423 [main] INFO  org.apache.hadoop.conf.Configuration.deprecation - mapred.submit.replication is deprecated. Instead, use mapreduce.client.submit.file.replication
2026-09-11 20:25:32,743 [main] INFO  org.apache.pig.backend.hadoop.executionengine.mapReduceLayer.JobControlCompiler - Added jar file:/home/rii/bigdata/pig-0.18.0/pig-0.18.0-core-h3.jar to DistributedCache through /tmp/temp-518811992/tmp-274605462/pig-0.18.0-core-h3.jar
2026-09-11 20:25:32,772 [main] INFO  org.apache.pig.backend.hadoop.executionengine.mapReduceLayer.JobControlCompiler - Added jar file:/home/rii/bigdata/pig-0.18.0/lib/automaton-1.11-8.jar to DistributedCache through /tmp/temp-518811992/tmp117899704/automaton-1.11-8.jar
2026-09-11 20:25:32,801 [main] INFO  org.apache.pig.backend.hadoop.executionengine.mapReduceLayer.JobControlCompiler - Added jar file:/home/rii/bigdata/pig-0.18.0/lib/antlr-runtime-3.4.jar to DistributedCache through /tmp/temp-518811992/tmp604300442/antlr-runtime-3.4.jar
2026-09-11 20:25:32,829 [main] INFO  org.apache.pig.backend.hadoop.executionengine.mapReduceLayer.JobControlCompiler - Added jar file:/home/rii/bigdata/pig-0.18.0/lib/joda-time-2.14.0.jar to DistributedCache through /tmp/temp-518811992/tmp1229277956/joda-time-2.14.0.jar
2026-09-11 20:25:32,857 [main] INFO  org.apache.pig.backend.hadoop.executionengine.mapReduceLayer.JobControlCompiler - Added jar file:/home/rii/bigdata/pig-0.18.0/lib/RoaringBitmap-shaded-0.7.14.jar to DistributedCache through /tmp/temp-518811992/tmp-135405322/RoaringBitmap-shaded-0.7.14.jar
2026-09-11 20:25:32,894 [main] INFO  org.apache.pig.backend.hadoop.executionengine.mapReduceLayer.JobControlCompiler - Setting up single store job
2026-09-11 20:25:32,898 [main] INFO  org.apache.pig.data.SchemaTupleFrontend - Key [pig.schematuple] is false, will not generate code.
2026-09-11 20:25:32,898 [main] INFO  org.apache.pig.data.SchemaTupleFrontend - Starting process to move generated code to distributed cache
2026-09-11 20:25:32,899 [main] INFO  org.apache.pig.data.SchemaTupleFrontend - Setting key [pig.schematuple.classes] with classes to deserialize []
2026-09-11 20:25:33,017 [main] INFO  org.apache.pig.backend.hadoop.executionengine.mapReduceLayer.MapReduceLauncher - 1 map-reduce job(s) waiting for submission.
2026-09-11 20:25:33,032 [JobControl] INFO  org.apache.hadoop.yarn.client.DefaultNoHARMFailoverProxyProvider - Connecting to ResourceManager at /0.0.0.0:8032
2026-09-11 20:25:33,061 [JobControl] INFO  org.apache.hadoop.conf.Configuration.deprecation - mapred.task.id is deprecated. Instead, use mapreduce.task.attempt.id
2026-09-11 20:25:33,066 [JobControl] INFO  org.apache.hadoop.conf.Configuration.deprecation - yarn.resourcemanager.system-metrics-publisher.enabled is deprecated. Instead, use yarn.system-metrics-publisher.enabled
2026-09-11 20:25:33,249 [JobControl] INFO  org.apache.hadoop.mapreduce.JobResourceUploader - Disabling Erasure Coding for path: /tmp/hadoop-yarn/staging/rii/.staging/job_1789136053647_0007
2026-09-11 20:25:33,264 [JobControl] WARN  org.apache.hadoop.mapreduce.JobResourceUploader - No job jar file set.  User classes may not be found. See Job or Job#setJar(String).
2026-09-11 20:25:33,347 [JobControl] INFO  org.apache.pig.builtin.PigStorage - Using PigTextInputFormat
2026-09-11 20:25:33,359 [JobControl] INFO  org.apache.hadoop.mapreduce.lib.input.FileInputFormat - Total input files to process : 1
2026-09-11 20:25:33,360 [JobControl] INFO  org.apache.pig.backend.hadoop.executionengine.util.MapRedUtil - Total input paths to process : 1
2026-09-11 20:25:33,420 [JobControl] INFO  org.apache.pig.backend.hadoop.executionengine.util.MapRedUtil - Total input paths (combined) to process : 1
2026-09-11 20:25:33,896 [JobControl] INFO  org.apache.hadoop.mapreduce.JobSubmitter - number of splits:1
2026-09-11 20:25:33,940 [JobControl] INFO  org.apache.hadoop.conf.Configuration.deprecation - yarn.resourcemanager.system-metrics-publisher.enabled is deprecated. Instead, use yarn.system-metrics-publisher.enabled
2026-09-11 20:25:34,547 [JobControl] INFO  org.apache.hadoop.mapreduce.JobSubmitter - Submitting tokens for job: job_1789136053647_0007
2026-09-11 20:25:34,547 [JobControl] INFO  org.apache.hadoop.mapreduce.JobSubmitter - Executing with tokens: []
2026-09-11 20:25:34,681 [JobControl] INFO  org.apache.hadoop.mapred.YARNRunner - Job jar is not present. Not adding any jar to the list of resources.
2026-09-11 20:25:34,744 [JobControl] INFO  org.apache.hadoop.conf.Configuration - resource-types.xml not found
2026-09-11 20:25:34,745 [JobControl] INFO  org.apache.hadoop.yarn.util.resource.ResourceUtils - Unable to find 'resource-types.xml'.
2026-09-11 20:25:34,820 [JobControl] INFO  org.apache.hadoop.yarn.client.api.impl.YarnClientImpl - Submitted application application_1789136053647_0007
2026-09-11 20:25:34,860 [JobControl] INFO  org.apache.hadoop.mapreduce.Job - The url to track the job: http://pop-os:8088/proxy/application_1789136053647_0007/
2026-09-11 20:25:34,861 [main] INFO  org.apache.pig.backend.hadoop.executionengine.mapReduceLayer.MapReduceLauncher - HadoopJobId: job_1789136053647_0007
2026-09-11 20:25:34,861 [main] INFO  org.apache.pig.backend.hadoop.executionengine.mapReduceLayer.MapReduceLauncher - Processing aliases games,grp_for_ratings,sorted,top10_reviewed_by_rating,top10_reviewed_ratings,valid_games
2026-09-11 20:25:34,861 [main] INFO  org.apache.pig.backend.hadoop.executionengine.mapReduceLayer.MapReduceLauncher - detailed locations: M: games[2,8],games[-1,-1],valid_games[6,14],grp_for_ratings[8,18] C:  R: top10_reviewed_ratings[9,25],sorted[10,13],top10_reviewed_by_rating[14,27]
2026-09-11 20:25:34,875 [main] INFO  org.apache.pig.backend.hadoop.executionengine.mapReduceLayer.MapReduceLauncher - 0% complete
2026-09-11 20:25:34,875 [main] INFO  org.apache.pig.backend.hadoop.executionengine.mapReduceLayer.MapReduceLauncher - Running jobs are [job_1789136053647_0007]
2026-09-11 20:25:49,528 [main] INFO  org.apache.pig.backend.hadoop.executionengine.mapReduceLayer.MapReduceLauncher - 50% complete
2026-09-11 20:25:49,528 [main] INFO  org.apache.pig.backend.hadoop.executionengine.mapReduceLayer.MapReduceLauncher - Running jobs are [job_1789136053647_0007]
2026-09-11 20:25:54,034 [main] INFO  org.apache.pig.backend.hadoop.executionengine.mapReduceLayer.MapReduceLauncher - Running jobs are [job_1789136053647_0007]
2026-09-11 20:26:00,058 [main] INFO  org.apache.hadoop.yarn.client.DefaultNoHARMFailoverProxyProvider - Connecting to ResourceManager at /0.0.0.0:8032
2026-09-11 20:26:00,066 [main] INFO  org.apache.hadoop.mapred.ClientServiceDelegate - Application state is completed. FinalApplicationStatus=SUCCEEDED. Redirecting to job history server
2026-09-11 20:26:00,312 [main] INFO  org.apache.hadoop.yarn.client.DefaultNoHARMFailoverProxyProvider - Connecting to ResourceManager at /0.0.0.0:8032
2026-09-11 20:26:00,317 [main] INFO  org.apache.hadoop.mapred.ClientServiceDelegate - Application state is completed. FinalApplicationStatus=SUCCEEDED. Redirecting to job history server
2026-09-11 20:26:00,340 [main] INFO  org.apache.hadoop.yarn.client.DefaultNoHARMFailoverProxyProvider - Connecting to ResourceManager at /0.0.0.0:8032
2026-09-11 20:26:00,345 [main] INFO  org.apache.hadoop.mapred.ClientServiceDelegate - Application state is completed. FinalApplicationStatus=SUCCEEDED. Redirecting to job history server
2026-09-11 20:26:00,382 [main] INFO  org.apache.pig.backend.hadoop.executionengine.mapReduceLayer.MapReduceLauncher - 100% complete
2026-09-11 20:26:00,384 [main] INFO  org.apache.pig.tools.pigstats.mapreduce.SimplePigStats - Script Statistics: 

HadoopVersion	PigVersion	UserId	StartedAt	FinishedAt	Features
3.4.1	0.18.0	rii	2026-09-11 20:25:32	2026-09-11 20:26:00	GROUP_BY,FILTER

Success!

Job Stats (time in seconds):
JobId	Maps	Reduces	MaxMapTime	MinMapTime	AvgMapTime	MedianMapTime	MaxReduceTime	MinReduceTime	AvgReduceTime	MedianReducetime	Alias	Feature	Outputs
job_1789136053647_0007	1	1	4	4	4	4	3	3	3	3	games,grp_for_ratings,sorted,top10_reviewed_by_rating,top10_reviewed_ratings,valid_games	GROUP_BY	/steam/pig/Top10ReviewedByRating,

Input(s):
Successfully read 50873 records (4864154 bytes) from: "/steam/games.csv"

Output(s):
Successfully stored 90 records (4333 bytes) in: "/steam/pig/Top10ReviewedByRating"

Counters:
Total records written : 90
Total bytes written : 4333
Spillable Memory Manager spill count : 0
Total bags proactively spilled: 0
Total records proactively spilled: 0

Job DAG:
job_1789136053647_0007


2026-09-11 20:26:00,387 [main] INFO  org.apache.hadoop.yarn.client.DefaultNoHARMFailoverProxyProvider - Connecting to ResourceManager at /0.0.0.0:8032
2026-09-11 20:26:00,391 [main] INFO  org.apache.hadoop.mapred.ClientServiceDelegate - Application state is completed. FinalApplicationStatus=SUCCEEDED. Redirecting to job history server
2026-09-11 20:26:00,407 [main] INFO  org.apache.hadoop.yarn.client.DefaultNoHARMFailoverProxyProvider - Connecting to ResourceManager at /0.0.0.0:8032
2026-09-11 20:26:00,413 [main] INFO  org.apache.hadoop.mapred.ClientServiceDelegate - Application state is completed. FinalApplicationStatus=SUCCEEDED. Redirecting to job history server
2026-09-11 20:26:00,436 [main] INFO  org.apache.hadoop.yarn.client.DefaultNoHARMFailoverProxyProvider - Connecting to ResourceManager at /0.0.0.0:8032
2026-09-11 20:26:00,444 [main] INFO  org.apache.hadoop.mapred.ClientServiceDelegate - Application state is completed. FinalApplicationStatus=SUCCEEDED. Redirecting to job history server
2026-09-11 20:26:00,464 [main] WARN  org.apache.pig.backend.hadoop.executionengine.mapReduceLayer.MapReduceLauncher - Encountered Warning FIELD_DISCARDED_TYPE_CONVERSION_FAILED 6 time(s).
2026-09-11 20:26:00,464 [main] INFO  org.apache.pig.backend.hadoop.executionengine.mapReduceLayer.MapReduceLauncher - Success!
2026-09-11 20:26:00,481 [main] INFO  org.apache.pig.Main - Pig script completed in 30 seconds and 848 milliseconds (30848 ms)
__EXIT__=0
