$ pig -x mapreduce -f PigAnalysis/scripts/top10Played.pig
2026-09-11 20:38:16,921 INFO pig.ExecTypeProvider: Trying ExecType : LOCAL
2026-09-11 20:38:16,922 INFO pig.ExecTypeProvider: Trying ExecType : MAPREDUCE
2026-09-11 20:38:16,922 INFO pig.ExecTypeProvider: Picked MAPREDUCE as the ExecType
2026-09-11 20:38:16,952 [main] INFO  org.apache.pig.Main - Apache Pig version 0.18.0 (r1926484) compiled Jun 16 2025, 10:38:21
2026-09-11 20:38:16,952 [main] INFO  org.apache.pig.Main - Logging error messages to: /home/rii/Documents/study/8th Semester/BDAL/Steam-Data-Analysis-using-Hadoop/pig_1789137496946.log
2026-09-11 20:38:17,071 [main] WARN  org.apache.hadoop.util.NativeCodeLoader - Unable to load native-hadoop library for your platform... using builtin-java classes where applicable
2026-09-11 20:38:17,147 [main] INFO  org.apache.pig.impl.util.Utils - Default bootup file /home/rii/.pigbootup not found
2026-09-11 20:38:17,194 [main] INFO  org.apache.hadoop.conf.Configuration.deprecation - mapred.job.tracker is deprecated. Instead, use mapreduce.jobtracker.address
2026-09-11 20:38:17,195 [main] INFO  org.apache.pig.backend.hadoop.executionengine.HExecutionEngine - Connecting to hadoop file system at: hdfs://localhost:9000
2026-09-11 20:38:17,515 [main] INFO  org.apache.pig.PigServer - Pig Script ID for the session: PIG-top10Played.pig-74767eec-2546-46fb-9d7c-bb97fffa33b6
2026-09-11 20:38:17,515 [main] WARN  org.apache.pig.PigServer - ATS is disabled since yarn.timeline-service.enabled set to false
2026-09-11 20:38:17,960 [main] INFO  org.apache.hadoop.conf.Configuration.deprecation - mapred.textoutputformat.separator is deprecated. Instead, use mapreduce.output.textoutputformat.separator
2026-09-11 20:38:17,976 [main] INFO  org.apache.pig.tools.pigstats.ScriptState - Pig features used in the script: REPLICATED_JOIN,GROUP_BY,FILTER
2026-09-11 20:38:17,993 [main] INFO  org.apache.pig.data.SchemaTupleBackend - Key [pig.schematuple] was not set... will not generate code.
2026-09-11 20:38:18,010 [main] INFO  org.apache.pig.newplan.logical.optimizer.LogicalPlanOptimizer - {RULES_ENABLED=[AddForEach, ColumnMapKeyPrune, FilterConstantCalculator, ForEachConstantCalculator, GroupByConstParallelSetter, LimitOptimizer, LoadTypeCastInserter, MergeFilter, MergeForEach, NestedLimitOptimizer, PartitionFilterOptimizer, PredicatePushdownOptimizer, PushDownForEachFlatten, PushUpFilter, SplitConstantCalculator, SplitFilter, StreamTypeCastInserter]}
2026-09-11 20:38:18,029 [main] INFO  org.apache.pig.newplan.logical.rules.ColumnPruneVisitor - Columns pruned for games: $2, $3, $4, $5, $7, $8, $9, $10, $11, $12
2026-09-11 20:38:18,063 [main] INFO  org.apache.pig.impl.util.SpillableMemoryManager - Selected heap (G1 Old Gen) of size 1048576000 to monitor. collectionUsageThreshold = 734003200, usageThreshold = 734003200
2026-09-11 20:38:18,120 [main] INFO  org.apache.pig.backend.hadoop.executionengine.mapReduceLayer.MRCompiler - File concatenation threshold: 100 optimistic? false
2026-09-11 20:38:18,163 [main] INFO  org.apache.pig.builtin.PigStorage - Using PigTextInputFormat
2026-09-11 20:38:18,174 [main] INFO  org.apache.hadoop.mapreduce.lib.input.FileInputFormat - Total input files to process : 1
2026-09-11 20:38:18,177 [main] INFO  org.apache.pig.backend.hadoop.executionengine.util.MapRedUtil - Total input paths to process : 1
2026-09-11 20:38:18,225 [main] INFO  org.apache.pig.backend.hadoop.executionengine.util.MapRedUtil - Total input paths (combined) to process : 1
2026-09-11 20:38:18,225 [main] INFO  org.apache.pig.backend.hadoop.executionengine.mapReduceLayer.MRCompiler - number of input files: 1
2026-09-11 20:38:18,231 [main] INFO  org.apache.pig.backend.hadoop.executionengine.util.CombinerOptimizerUtil - Choosing to move algebraic foreach to combiner
2026-09-11 20:38:18,247 [main] INFO  org.apache.pig.backend.hadoop.executionengine.mapReduceLayer.MultiQueryOptimizer - MR plan size before optimization: 3
2026-09-11 20:38:18,247 [main] INFO  org.apache.pig.backend.hadoop.executionengine.mapReduceLayer.MultiQueryOptimizer - MR plan size after optimization: 3
2026-09-11 20:38:18,300 [main] INFO  org.apache.hadoop.yarn.client.DefaultNoHARMFailoverProxyProvider - Connecting to ResourceManager at /0.0.0.0:8032
2026-09-11 20:38:18,399 [main] INFO  org.apache.hadoop.conf.Configuration.deprecation - yarn.resourcemanager.system-metrics-publisher.enabled is deprecated. Instead, use yarn.system-metrics-publisher.enabled
2026-09-11 20:38:18,406 [main] INFO  org.apache.pig.tools.pigstats.mapreduce.MRScriptState - Pig script settings are added to the job
2026-09-11 20:38:18,409 [main] INFO  org.apache.hadoop.conf.Configuration.deprecation - mapred.job.reduce.markreset.buffer.percent is deprecated. Instead, use mapreduce.reduce.markreset.buffer.percent
2026-09-11 20:38:18,409 [main] INFO  org.apache.pig.backend.hadoop.executionengine.mapReduceLayer.JobControlCompiler - mapred.job.reduce.markreset.buffer.percent is not set, set to default 0.3
2026-09-11 20:38:18,410 [main] INFO  org.apache.hadoop.conf.Configuration.deprecation - mapred.output.compress is deprecated. Instead, use mapreduce.output.fileoutputformat.compress
2026-09-11 20:38:18,411 [main] INFO  org.apache.pig.backend.hadoop.executionengine.mapReduceLayer.JobControlCompiler - This job cannot be converted run in-process
2026-09-11 20:38:18,418 [main] INFO  org.apache.hadoop.conf.Configuration.deprecation - mapred.submit.replication is deprecated. Instead, use mapreduce.client.submit.file.replication
2026-09-11 20:38:18,545 [main] INFO  org.apache.pig.backend.hadoop.executionengine.mapReduceLayer.JobControlCompiler - Added jar file:/home/rii/bigdata/pig-0.18.0/pig-0.18.0-core-h3.jar to DistributedCache through /tmp/temp1054787997/tmp-1692456419/pig-0.18.0-core-h3.jar
2026-09-11 20:38:18,975 [main] INFO  org.apache.pig.backend.hadoop.executionengine.mapReduceLayer.JobControlCompiler - Added jar file:/home/rii/bigdata/pig-0.18.0/lib/automaton-1.11-8.jar to DistributedCache through /tmp/temp1054787997/tmp-1517125383/automaton-1.11-8.jar
2026-09-11 20:38:19,002 [main] INFO  org.apache.pig.backend.hadoop.executionengine.mapReduceLayer.JobControlCompiler - Added jar file:/home/rii/bigdata/pig-0.18.0/lib/antlr-runtime-3.4.jar to DistributedCache through /tmp/temp1054787997/tmp-1923230425/antlr-runtime-3.4.jar
2026-09-11 20:38:19,431 [main] INFO  org.apache.pig.backend.hadoop.executionengine.mapReduceLayer.JobControlCompiler - Added jar file:/home/rii/bigdata/pig-0.18.0/lib/joda-time-2.14.0.jar to DistributedCache through /tmp/temp1054787997/tmp-858905376/joda-time-2.14.0.jar
2026-09-11 20:38:19,462 [main] INFO  org.apache.pig.backend.hadoop.executionengine.mapReduceLayer.JobControlCompiler - Added jar file:/home/rii/bigdata/pig-0.18.0/lib/RoaringBitmap-shaded-0.7.14.jar to DistributedCache through /tmp/temp1054787997/tmp1778862046/RoaringBitmap-shaded-0.7.14.jar
2026-09-11 20:38:19,492 [main] INFO  org.apache.pig.backend.hadoop.executionengine.mapReduceLayer.JobControlCompiler - Setting up single store job
2026-09-11 20:38:19,495 [main] INFO  org.apache.pig.data.SchemaTupleFrontend - Key [pig.schematuple] is false, will not generate code.
2026-09-11 20:38:19,495 [main] INFO  org.apache.pig.data.SchemaTupleFrontend - Starting process to move generated code to distributed cache
2026-09-11 20:38:19,495 [main] INFO  org.apache.pig.data.SchemaTupleFrontend - Setting key [pig.schematuple.classes] with classes to deserialize []
2026-09-11 20:38:19,523 [main] INFO  org.apache.pig.backend.hadoop.executionengine.mapReduceLayer.MapReduceLauncher - 1 map-reduce job(s) waiting for submission.
2026-09-11 20:38:19,529 [JobControl] INFO  org.apache.hadoop.yarn.client.DefaultNoHARMFailoverProxyProvider - Connecting to ResourceManager at /0.0.0.0:8032
2026-09-11 20:38:19,538 [JobControl] INFO  org.apache.hadoop.conf.Configuration.deprecation - mapred.task.id is deprecated. Instead, use mapreduce.task.attempt.id
2026-09-11 20:38:19,540 [JobControl] INFO  org.apache.hadoop.conf.Configuration.deprecation - yarn.resourcemanager.system-metrics-publisher.enabled is deprecated. Instead, use yarn.system-metrics-publisher.enabled
2026-09-11 20:38:19,647 [JobControl] INFO  org.apache.hadoop.mapreduce.JobResourceUploader - Disabling Erasure Coding for path: /tmp/hadoop-yarn/staging/rii/.staging/job_1789136053647_0014
2026-09-11 20:38:19,656 [JobControl] WARN  org.apache.hadoop.mapreduce.JobResourceUploader - No job jar file set.  User classes may not be found. See Job or Job#setJar(String).
2026-09-11 20:38:19,689 [JobControl] INFO  org.apache.pig.builtin.PigStorage - Using PigTextInputFormat
2026-09-11 20:38:19,698 [JobControl] INFO  org.apache.hadoop.mapreduce.lib.input.FileInputFormat - Total input files to process : 1
2026-09-11 20:38:19,698 [JobControl] INFO  org.apache.pig.backend.hadoop.executionengine.util.MapRedUtil - Total input paths to process : 1
2026-09-11 20:38:19,700 [JobControl] INFO  org.apache.pig.backend.hadoop.executionengine.util.MapRedUtil - Total input paths (combined) to process : 1
2026-09-11 20:38:20,150 [JobControl] INFO  org.apache.hadoop.mapreduce.JobSubmitter - number of splits:1
2026-09-11 20:38:20,188 [JobControl] INFO  org.apache.hadoop.conf.Configuration.deprecation - yarn.resourcemanager.system-metrics-publisher.enabled is deprecated. Instead, use yarn.system-metrics-publisher.enabled
2026-09-11 20:38:20,289 [JobControl] INFO  org.apache.hadoop.mapreduce.JobSubmitter - Submitting tokens for job: job_1789136053647_0014
2026-09-11 20:38:20,289 [JobControl] INFO  org.apache.hadoop.mapreduce.JobSubmitter - Executing with tokens: []
2026-09-11 20:38:20,383 [JobControl] INFO  org.apache.hadoop.mapred.YARNRunner - Job jar is not present. Not adding any jar to the list of resources.
2026-09-11 20:38:20,435 [JobControl] INFO  org.apache.hadoop.conf.Configuration - resource-types.xml not found
2026-09-11 20:38:20,435 [JobControl] INFO  org.apache.hadoop.yarn.util.resource.ResourceUtils - Unable to find 'resource-types.xml'.
2026-09-11 20:38:20,492 [JobControl] INFO  org.apache.hadoop.yarn.client.api.impl.YarnClientImpl - Submitted application application_1789136053647_0014
2026-09-11 20:38:20,520 [JobControl] INFO  org.apache.hadoop.mapreduce.Job - The url to track the job: http://pop-os:8088/proxy/application_1789136053647_0014/
2026-09-11 20:38:20,520 [main] INFO  org.apache.pig.backend.hadoop.executionengine.mapReduceLayer.MapReduceLauncher - HadoopJobId: job_1789136053647_0014
2026-09-11 20:38:20,520 [main] INFO  org.apache.pig.backend.hadoop.executionengine.mapReduceLayer.MapReduceLauncher - Processing aliases 1-2,game_info,games
2026-09-11 20:38:20,520 [main] INFO  org.apache.pig.backend.hadoop.executionengine.mapReduceLayer.MapReduceLauncher - detailed locations: M: games[12,8],games[-1,-1],1-2[16,21],game_info[16,12] C:  R: 
2026-09-11 20:38:20,536 [main] INFO  org.apache.pig.backend.hadoop.executionengine.mapReduceLayer.MapReduceLauncher - 0% complete
2026-09-11 20:38:20,536 [main] INFO  org.apache.pig.backend.hadoop.executionengine.mapReduceLayer.MapReduceLauncher - Running jobs are [job_1789136053647_0014]
2026-09-11 20:38:35,169 [main] INFO  org.apache.pig.backend.hadoop.executionengine.mapReduceLayer.MapReduceLauncher - 16% complete
2026-09-11 20:38:35,169 [main] INFO  org.apache.pig.backend.hadoop.executionengine.mapReduceLayer.MapReduceLauncher - Running jobs are [job_1789136053647_0014]
2026-09-11 20:38:40,678 [main] INFO  org.apache.pig.backend.hadoop.executionengine.mapReduceLayer.MapReduceLauncher - 33% complete
2026-09-11 20:38:40,701 [main] INFO  org.apache.hadoop.yarn.client.DefaultNoHARMFailoverProxyProvider - Connecting to ResourceManager at /0.0.0.0:8032
2026-09-11 20:38:40,713 [main] INFO  org.apache.hadoop.mapred.ClientServiceDelegate - Application state is completed. FinalApplicationStatus=SUCCEEDED. Redirecting to job history server
2026-09-11 20:38:40,823 [main] INFO  org.apache.hadoop.yarn.client.DefaultNoHARMFailoverProxyProvider - Connecting to ResourceManager at /0.0.0.0:8032
2026-09-11 20:38:40,828 [main] INFO  org.apache.hadoop.mapred.ClientServiceDelegate - Application state is completed. FinalApplicationStatus=SUCCEEDED. Redirecting to job history server
2026-09-11 20:38:40,840 [main] INFO  org.apache.hadoop.conf.Configuration.deprecation - mapred.reduce.tasks is deprecated. Instead, use mapreduce.job.reduces
2026-09-11 20:38:40,842 [main] INFO  org.apache.hadoop.yarn.client.DefaultNoHARMFailoverProxyProvider - Connecting to ResourceManager at /0.0.0.0:8032
2026-09-11 20:38:40,846 [main] INFO  org.apache.hadoop.mapred.ClientServiceDelegate - Application state is completed. FinalApplicationStatus=SUCCEEDED. Redirecting to job history server
2026-09-11 20:38:40,882 [main] INFO  org.apache.pig.tools.pigstats.mapreduce.MRScriptState - Pig script settings are added to the job
2026-09-11 20:38:40,883 [main] INFO  org.apache.pig.backend.hadoop.executionengine.mapReduceLayer.JobControlCompiler - mapred.job.reduce.markreset.buffer.percent is not set, set to default 0.3
2026-09-11 20:38:40,884 [main] INFO  org.apache.pig.backend.hadoop.executionengine.mapReduceLayer.JobControlCompiler - Reduce phase detected, estimating # of required reducers.
2026-09-11 20:38:40,885 [main] INFO  org.apache.pig.backend.hadoop.executionengine.mapReduceLayer.JobControlCompiler - Using reducer estimator: org.apache.pig.backend.hadoop.executionengine.mapReduceLayer.InputSizeReducerEstimator
2026-09-11 20:38:40,888 [main] INFO  org.apache.pig.backend.hadoop.executionengine.mapReduceLayer.InputSizeReducerEstimator - BytesPerReducer=1000000000 maxReducers=999 totalInputFileSize=2023223067
2026-09-11 20:38:40,889 [main] INFO  org.apache.pig.backend.hadoop.executionengine.mapReduceLayer.JobControlCompiler - Setting Parallelism to 3
2026-09-11 20:38:40,889 [main] INFO  org.apache.pig.backend.hadoop.executionengine.mapReduceLayer.JobControlCompiler - This job cannot be converted run in-process
2026-09-11 20:38:41,327 [main] INFO  org.apache.pig.backend.hadoop.executionengine.mapReduceLayer.JobControlCompiler - Added jar file:/home/rii/bigdata/pig-0.18.0/pig-0.18.0-core-h3.jar to DistributedCache through /tmp/temp1054787997/tmp318310276/pig-0.18.0-core-h3.jar
2026-09-11 20:38:41,756 [main] INFO  org.apache.pig.backend.hadoop.executionengine.mapReduceLayer.JobControlCompiler - Added jar file:/home/rii/bigdata/pig-0.18.0/lib/automaton-1.11-8.jar to DistributedCache through /tmp/temp1054787997/tmp1915710843/automaton-1.11-8.jar
2026-09-11 20:38:41,781 [main] INFO  org.apache.pig.backend.hadoop.executionengine.mapReduceLayer.JobControlCompiler - Added jar file:/home/rii/bigdata/pig-0.18.0/lib/antlr-runtime-3.4.jar to DistributedCache through /tmp/temp1054787997/tmp-1052773933/antlr-runtime-3.4.jar
2026-09-11 20:38:42,208 [main] INFO  org.apache.pig.backend.hadoop.executionengine.mapReduceLayer.JobControlCompiler - Added jar file:/home/rii/bigdata/pig-0.18.0/lib/joda-time-2.14.0.jar to DistributedCache through /tmp/temp1054787997/tmp-533483415/joda-time-2.14.0.jar
2026-09-11 20:38:42,635 [main] INFO  org.apache.pig.backend.hadoop.executionengine.mapReduceLayer.JobControlCompiler - Added jar file:/home/rii/bigdata/pig-0.18.0/lib/RoaringBitmap-shaded-0.7.14.jar to DistributedCache through /tmp/temp1054787997/tmp-105736651/RoaringBitmap-shaded-0.7.14.jar
2026-09-11 20:38:42,643 [main] INFO  org.apache.pig.backend.hadoop.executionengine.mapReduceLayer.JobControlCompiler - Setting up single store job
2026-09-11 20:38:42,662 [main] INFO  org.apache.pig.data.SchemaTupleFrontend - Key [pig.schematuple] is false, will not generate code.
2026-09-11 20:38:42,662 [main] INFO  org.apache.pig.data.SchemaTupleFrontend - Starting process to move generated code to distributed cache
2026-09-11 20:38:42,662 [main] INFO  org.apache.pig.data.SchemaTupleFrontend - Setting key [pig.schematuple.classes] with classes to deserialize []
2026-09-11 20:38:42,700 [main] INFO  org.apache.pig.backend.hadoop.executionengine.mapReduceLayer.MapReduceLauncher - 1 map-reduce job(s) waiting for submission.
2026-09-11 20:38:42,705 [JobControl] INFO  org.apache.hadoop.yarn.client.DefaultNoHARMFailoverProxyProvider - Connecting to ResourceManager at /0.0.0.0:8032
2026-09-11 20:38:42,709 [JobControl] INFO  org.apache.hadoop.conf.Configuration.deprecation - yarn.resourcemanager.system-metrics-publisher.enabled is deprecated. Instead, use yarn.system-metrics-publisher.enabled
2026-09-11 20:38:42,723 [JobControl] INFO  org.apache.hadoop.mapreduce.JobResourceUploader - Disabling Erasure Coding for path: /tmp/hadoop-yarn/staging/rii/.staging/job_1789136053647_0015
2026-09-11 20:38:42,738 [JobControl] WARN  org.apache.hadoop.mapreduce.JobResourceUploader - No job jar file set.  User classes may not be found. See Job or Job#setJar(String).
2026-09-11 20:38:42,756 [JobControl] INFO  org.apache.pig.builtin.PigStorage - Using PigTextInputFormat
2026-09-11 20:38:42,758 [JobControl] INFO  org.apache.hadoop.mapreduce.lib.input.FileInputFormat - Total input files to process : 1
2026-09-11 20:38:42,758 [JobControl] INFO  org.apache.pig.backend.hadoop.executionengine.util.MapRedUtil - Total input paths to process : 1
2026-09-11 20:38:42,762 [JobControl] INFO  org.apache.pig.backend.hadoop.executionengine.util.MapRedUtil - Total input paths (combined) to process : 15
2026-09-11 20:38:43,611 [JobControl] INFO  org.apache.hadoop.mapreduce.JobSubmitter - number of splits:15
2026-09-11 20:38:44,047 [JobControl] INFO  org.apache.hadoop.mapreduce.JobSubmitter - Submitting tokens for job: job_1789136053647_0015
2026-09-11 20:38:44,047 [JobControl] INFO  org.apache.hadoop.mapreduce.JobSubmitter - Executing with tokens: []
2026-09-11 20:38:44,053 [JobControl] INFO  org.apache.hadoop.mapred.YARNRunner - Job jar is not present. Not adding any jar to the list of resources.
2026-09-11 20:38:44,095 [JobControl] INFO  org.apache.hadoop.yarn.client.api.impl.YarnClientImpl - Submitted application application_1789136053647_0015
2026-09-11 20:38:44,106 [JobControl] INFO  org.apache.hadoop.mapreduce.Job - The url to track the job: http://pop-os:8088/proxy/application_1789136053647_0015/
2026-09-11 20:38:44,106 [main] INFO  org.apache.pig.backend.hadoop.executionengine.mapReduceLayer.MapReduceLauncher - HadoopJobId: job_1789136053647_0015
2026-09-11 20:38:44,106 [main] INFO  org.apache.pig.backend.hadoop.executionengine.mapReduceLayer.MapReduceLauncher - Processing aliases grp_for_games,joined,played,recs,result,valid_recs
2026-09-11 20:38:44,106 [main] INFO  org.apache.pig.backend.hadoop.executionengine.mapReduceLayer.MapReduceLauncher - detailed locations: M: recs[2,7],recs[-1,-1],valid_recs[5,13],played[8,9],grp_for_games[7,16] C: played[8,9],grp_for_games[7,16] R: played[8,9],joined[19,9],result[20,9]
2026-09-11 20:39:51,710 [main] INFO  org.apache.pig.backend.hadoop.executionengine.mapReduceLayer.MapReduceLauncher - 38% complete
2026-09-11 20:39:51,722 [main] INFO  org.apache.pig.backend.hadoop.executionengine.mapReduceLayer.MapReduceLauncher - Running jobs are [job_1789136053647_0015]
2026-09-11 20:40:44,063 [main] INFO  org.apache.pig.backend.hadoop.executionengine.mapReduceLayer.MapReduceLauncher - 43% complete
2026-09-11 20:40:44,063 [main] INFO  org.apache.pig.backend.hadoop.executionengine.mapReduceLayer.MapReduceLauncher - Running jobs are [job_1789136053647_0015]
2026-09-11 20:41:27,318 [main] INFO  org.apache.pig.backend.hadoop.executionengine.mapReduceLayer.MapReduceLauncher - 47% complete
2026-09-11 20:41:27,334 [main] INFO  org.apache.pig.backend.hadoop.executionengine.mapReduceLayer.MapReduceLauncher - Running jobs are [job_1789136053647_0015]
2026-09-11 20:41:54,442 [main] INFO  org.apache.pig.backend.hadoop.executionengine.mapReduceLayer.MapReduceLauncher - 51% complete
2026-09-11 20:41:54,442 [main] INFO  org.apache.pig.backend.hadoop.executionengine.mapReduceLayer.MapReduceLauncher - Running jobs are [job_1789136053647_0015]
2026-09-11 20:42:19,582 [main] INFO  org.apache.pig.backend.hadoop.executionengine.mapReduceLayer.MapReduceLauncher - 57% complete
2026-09-11 20:42:19,583 [main] INFO  org.apache.pig.backend.hadoop.executionengine.mapReduceLayer.MapReduceLauncher - Running jobs are [job_1789136053647_0015]
2026-09-11 20:42:22,099 [main] INFO  org.apache.pig.backend.hadoop.executionengine.mapReduceLayer.MapReduceLauncher - 66% complete
2026-09-11 20:42:22,100 [main] INFO  org.apache.pig.backend.hadoop.executionengine.mapReduceLayer.MapReduceLauncher - Running jobs are [job_1789136053647_0015]
2026-09-11 20:42:25,319 [main] INFO  org.apache.hadoop.yarn.client.DefaultNoHARMFailoverProxyProvider - Connecting to ResourceManager at /0.0.0.0:8032
2026-09-11 20:42:25,503 [main] INFO  org.apache.hadoop.mapred.ClientServiceDelegate - Application state is completed. FinalApplicationStatus=SUCCEEDED. Redirecting to job history server
2026-09-11 20:42:26,550 [main] INFO  org.apache.hadoop.yarn.client.DefaultNoHARMFailoverProxyProvider - Connecting to ResourceManager at /0.0.0.0:8032
2026-09-11 20:42:26,575 [main] INFO  org.apache.hadoop.mapred.ClientServiceDelegate - Application state is completed. FinalApplicationStatus=SUCCEEDED. Redirecting to job history server
2026-09-11 20:42:26,777 [main] INFO  org.apache.hadoop.yarn.client.DefaultNoHARMFailoverProxyProvider - Connecting to ResourceManager at /0.0.0.0:8032
2026-09-11 20:42:26,804 [main] INFO  org.apache.hadoop.mapred.ClientServiceDelegate - Application state is completed. FinalApplicationStatus=SUCCEEDED. Redirecting to job history server
2026-09-11 20:42:26,986 [main] INFO  org.apache.pig.tools.pigstats.mapreduce.MRScriptState - Pig script settings are added to the job
2026-09-11 20:42:27,008 [main] INFO  org.apache.pig.backend.hadoop.executionengine.mapReduceLayer.JobControlCompiler - mapred.job.reduce.markreset.buffer.percent is not set, set to default 0.3
2026-09-11 20:42:27,031 [main] INFO  org.apache.pig.backend.hadoop.executionengine.mapReduceLayer.JobControlCompiler - Reduce phase detected, estimating # of required reducers.
2026-09-11 20:42:27,031 [main] INFO  org.apache.pig.backend.hadoop.executionengine.mapReduceLayer.JobControlCompiler - Setting Parallelism to 1
2026-09-11 20:42:27,032 [main] INFO  org.apache.pig.backend.hadoop.executionengine.mapReduceLayer.JobControlCompiler - This job cannot be converted run in-process
2026-09-11 20:42:27,384 [main] INFO  org.apache.pig.backend.hadoop.executionengine.mapReduceLayer.JobControlCompiler - Added jar file:/home/rii/bigdata/pig-0.18.0/pig-0.18.0-core-h3.jar to DistributedCache through /tmp/temp1054787997/tmp-300018794/pig-0.18.0-core-h3.jar
2026-09-11 20:42:27,445 [main] INFO  org.apache.pig.backend.hadoop.executionengine.mapReduceLayer.JobControlCompiler - Added jar file:/home/rii/bigdata/pig-0.18.0/lib/automaton-1.11-8.jar to DistributedCache through /tmp/temp1054787997/tmp-1481989822/automaton-1.11-8.jar
2026-09-11 20:42:27,889 [main] INFO  org.apache.pig.backend.hadoop.executionengine.mapReduceLayer.JobControlCompiler - Added jar file:/home/rii/bigdata/pig-0.18.0/lib/antlr-runtime-3.4.jar to DistributedCache through /tmp/temp1054787997/tmp-1869362587/antlr-runtime-3.4.jar
2026-09-11 20:42:28,350 [main] INFO  org.apache.pig.backend.hadoop.executionengine.mapReduceLayer.JobControlCompiler - Added jar file:/home/rii/bigdata/pig-0.18.0/lib/joda-time-2.14.0.jar to DistributedCache through /tmp/temp1054787997/tmp-2112569003/joda-time-2.14.0.jar
2026-09-11 20:42:28,389 [main] INFO  org.apache.pig.backend.hadoop.executionengine.mapReduceLayer.JobControlCompiler - Added jar file:/home/rii/bigdata/pig-0.18.0/lib/RoaringBitmap-shaded-0.7.14.jar to DistributedCache through /tmp/temp1054787997/tmp-1865621253/RoaringBitmap-shaded-0.7.14.jar
2026-09-11 20:42:28,433 [main] INFO  org.apache.pig.backend.hadoop.executionengine.mapReduceLayer.JobControlCompiler - Setting up single store job
2026-09-11 20:42:28,443 [main] INFO  org.apache.pig.data.SchemaTupleFrontend - Key [pig.schematuple] is false, will not generate code.
2026-09-11 20:42:28,443 [main] INFO  org.apache.pig.data.SchemaTupleFrontend - Starting process to move generated code to distributed cache
2026-09-11 20:42:28,443 [main] INFO  org.apache.pig.data.SchemaTupleFrontend - Setting key [pig.schematuple.classes] with classes to deserialize []
2026-09-11 20:42:28,614 [main] INFO  org.apache.pig.backend.hadoop.executionengine.mapReduceLayer.MapReduceLauncher - 1 map-reduce job(s) waiting for submission.
2026-09-11 20:42:28,664 [JobControl] INFO  org.apache.hadoop.yarn.client.DefaultNoHARMFailoverProxyProvider - Connecting to ResourceManager at /0.0.0.0:8032
2026-09-11 20:42:28,710 [JobControl] INFO  org.apache.hadoop.conf.Configuration.deprecation - yarn.resourcemanager.system-metrics-publisher.enabled is deprecated. Instead, use yarn.system-metrics-publisher.enabled
2026-09-11 20:42:28,784 [JobControl] INFO  org.apache.hadoop.mapreduce.JobResourceUploader - Disabling Erasure Coding for path: /tmp/hadoop-yarn/staging/rii/.staging/job_1789136053647_0016
2026-09-11 20:42:28,819 [JobControl] WARN  org.apache.hadoop.mapreduce.JobResourceUploader - No job jar file set.  User classes may not be found. See Job or Job#setJar(String).
2026-09-11 20:42:28,959 [JobControl] INFO  org.apache.hadoop.mapreduce.lib.input.FileInputFormat - Total input files to process : 3
2026-09-11 20:42:28,960 [JobControl] INFO  org.apache.pig.backend.hadoop.executionengine.util.MapRedUtil - Total input paths to process : 3
2026-09-11 20:42:28,961 [JobControl] INFO  org.apache.pig.backend.hadoop.executionengine.util.MapRedUtil - Total input paths (combined) to process : 1
2026-09-11 20:42:29,016 [JobControl] INFO  org.apache.hadoop.mapreduce.JobSubmitter - number of splits:1
2026-09-11 20:42:29,645 [JobControl] INFO  org.apache.hadoop.mapreduce.JobSubmitter - Submitting tokens for job: job_1789136053647_0016
2026-09-11 20:42:29,645 [JobControl] INFO  org.apache.hadoop.mapreduce.JobSubmitter - Executing with tokens: []
2026-09-11 20:42:29,659 [JobControl] INFO  org.apache.hadoop.mapred.YARNRunner - Job jar is not present. Not adding any jar to the list of resources.
2026-09-11 20:42:29,773 [JobControl] INFO  org.apache.hadoop.yarn.client.api.impl.YarnClientImpl - Submitted application application_1789136053647_0016
2026-09-11 20:42:29,805 [JobControl] INFO  org.apache.hadoop.mapreduce.Job - The url to track the job: http://pop-os:8088/proxy/application_1789136053647_0016/
2026-09-11 20:42:29,805 [main] INFO  org.apache.pig.backend.hadoop.executionengine.mapReduceLayer.MapReduceLauncher - HadoopJobId: job_1789136053647_0016
2026-09-11 20:42:29,805 [main] INFO  org.apache.pig.backend.hadoop.executionengine.mapReduceLayer.MapReduceLauncher - Processing aliases final_top10_played,grp_all,srt,top10
2026-09-11 20:42:29,806 [main] INFO  org.apache.pig.backend.hadoop.executionengine.mapReduceLayer.MapReduceLauncher - detailed locations: M: grp_all[24,10] C:  R: top10[25,8],srt[26,10],final_top10_played[31,21]
2026-09-11 20:42:44,009 [main] INFO  org.apache.pig.backend.hadoop.executionengine.mapReduceLayer.MapReduceLauncher - 83% complete
2026-09-11 20:42:44,009 [main] INFO  org.apache.pig.backend.hadoop.executionengine.mapReduceLayer.MapReduceLauncher - Running jobs are [job_1789136053647_0016]
2026-09-11 20:42:49,517 [main] INFO  org.apache.pig.backend.hadoop.executionengine.mapReduceLayer.MapReduceLauncher - Running jobs are [job_1789136053647_0016]
2026-09-11 20:42:50,072 [main] INFO  org.apache.hadoop.yarn.client.DefaultNoHARMFailoverProxyProvider - Connecting to ResourceManager at /0.0.0.0:8032
2026-09-11 20:42:50,084 [main] INFO  org.apache.hadoop.mapred.ClientServiceDelegate - Application state is completed. FinalApplicationStatus=SUCCEEDED. Redirecting to job history server
2026-09-11 20:42:50,236 [main] INFO  org.apache.hadoop.yarn.client.DefaultNoHARMFailoverProxyProvider - Connecting to ResourceManager at /0.0.0.0:8032
2026-09-11 20:42:50,248 [main] INFO  org.apache.hadoop.mapred.ClientServiceDelegate - Application state is completed. FinalApplicationStatus=SUCCEEDED. Redirecting to job history server
2026-09-11 20:42:50,350 [main] INFO  org.apache.hadoop.yarn.client.DefaultNoHARMFailoverProxyProvider - Connecting to ResourceManager at /0.0.0.0:8032
2026-09-11 20:42:50,361 [main] INFO  org.apache.hadoop.mapred.ClientServiceDelegate - Application state is completed. FinalApplicationStatus=SUCCEEDED. Redirecting to job history server
2026-09-11 20:42:50,439 [main] INFO  org.apache.pig.backend.hadoop.executionengine.mapReduceLayer.MapReduceLauncher - 100% complete
2026-09-11 20:42:50,504 [main] INFO  org.apache.pig.tools.pigstats.mapreduce.SimplePigStats - Script Statistics: 

HadoopVersion	PigVersion	UserId	StartedAt	FinishedAt	Features
3.4.1	0.18.0	rii	2026-09-11 20:38:18	2026-09-11 20:42:50	REPLICATED_JOIN,GROUP_BY,FILTER

Success!

Job Stats (time in seconds):
JobId	Maps	Reduces	MaxMapTime	MinMapTime	AvgMapTime	MedianMapTime	MaxReduceTime	MinReduceTime	AvgReduceTime	MedianReducetime	Alias	Feature	Outputs
job_1789136053647_0014	1	0	6	6	6	6	0	0	0	0	1-2,game_info,games	MAP_ONLY	
job_1789136053647_0015	15	3	66	36	52	52	140	10	65	47	grp_for_games,joined,played,recs,result,valid_recs	REPLICATED_JOIN,GROUP_BY,COMBINER	
job_1789136053647_0016	1	1	3	3	3	3	3	3	3	3	final_top10_played,grp_all,srt,top10	GROUP_BY	/steam/pig/Top10Played,

Input(s):
Successfully read 50873 records (4864154 bytes) from: "/steam/games.csv"
Successfully read 41154795 records (2023286021 bytes) from: "/steam/recommendations.csv"

Output(s):
Successfully stored 10 records (555 bytes) in: "/steam/pig/Top10Played"

Counters:
Total records written : 10
Total bytes written : 555
Spillable Memory Manager spill count : 0
Total bags proactively spilled: 0
Total records proactively spilled: 0

Job DAG:
job_1789136053647_0014	->	job_1789136053647_0015,
job_1789136053647_0015	->	job_1789136053647_0016,
job_1789136053647_0016


2026-09-11 20:42:50,531 [main] INFO  org.apache.hadoop.yarn.client.DefaultNoHARMFailoverProxyProvider - Connecting to ResourceManager at /0.0.0.0:8032
2026-09-11 20:42:50,539 [main] INFO  org.apache.hadoop.mapred.ClientServiceDelegate - Application state is completed. FinalApplicationStatus=SUCCEEDED. Redirecting to job history server
2026-09-11 20:42:50,624 [main] INFO  org.apache.hadoop.yarn.client.DefaultNoHARMFailoverProxyProvider - Connecting to ResourceManager at /0.0.0.0:8032
2026-09-11 20:42:50,637 [main] INFO  org.apache.hadoop.mapred.ClientServiceDelegate - Application state is completed. FinalApplicationStatus=SUCCEEDED. Redirecting to job history server
2026-09-11 20:42:50,714 [main] INFO  org.apache.hadoop.yarn.client.DefaultNoHARMFailoverProxyProvider - Connecting to ResourceManager at /0.0.0.0:8032
2026-09-11 20:42:50,726 [main] INFO  org.apache.hadoop.mapred.ClientServiceDelegate - Application state is completed. FinalApplicationStatus=SUCCEEDED. Redirecting to job history server
2026-09-11 20:42:50,812 [main] INFO  org.apache.hadoop.yarn.client.DefaultNoHARMFailoverProxyProvider - Connecting to ResourceManager at /0.0.0.0:8032
2026-09-11 20:42:50,825 [main] INFO  org.apache.hadoop.mapred.ClientServiceDelegate - Application state is completed. FinalApplicationStatus=SUCCEEDED. Redirecting to job history server
2026-09-11 20:42:50,934 [main] INFO  org.apache.hadoop.yarn.client.DefaultNoHARMFailoverProxyProvider - Connecting to ResourceManager at /0.0.0.0:8032
2026-09-11 20:42:50,946 [main] INFO  org.apache.hadoop.mapred.ClientServiceDelegate - Application state is completed. FinalApplicationStatus=SUCCEEDED. Redirecting to job history server
2026-09-11 20:42:51,054 [main] INFO  org.apache.hadoop.yarn.client.DefaultNoHARMFailoverProxyProvider - Connecting to ResourceManager at /0.0.0.0:8032
2026-09-11 20:42:51,444 [main] INFO  org.apache.hadoop.mapred.ClientServiceDelegate - Application state is completed. FinalApplicationStatus=SUCCEEDED. Redirecting to job history server
2026-09-11 20:42:51,531 [main] INFO  org.apache.hadoop.yarn.client.DefaultNoHARMFailoverProxyProvider - Connecting to ResourceManager at /0.0.0.0:8032
2026-09-11 20:42:51,537 [main] INFO  org.apache.hadoop.mapred.ClientServiceDelegate - Application state is completed. FinalApplicationStatus=SUCCEEDED. Redirecting to job history server
2026-09-11 20:42:51,608 [main] INFO  org.apache.hadoop.yarn.client.DefaultNoHARMFailoverProxyProvider - Connecting to ResourceManager at /0.0.0.0:8032
2026-09-11 20:42:51,616 [main] INFO  org.apache.hadoop.mapred.ClientServiceDelegate - Application state is completed. FinalApplicationStatus=SUCCEEDED. Redirecting to job history server
2026-09-11 20:42:51,706 [main] INFO  org.apache.hadoop.yarn.client.DefaultNoHARMFailoverProxyProvider - Connecting to ResourceManager at /0.0.0.0:8032
2026-09-11 20:42:51,716 [main] INFO  org.apache.hadoop.mapred.ClientServiceDelegate - Application state is completed. FinalApplicationStatus=SUCCEEDED. Redirecting to job history server
2026-09-11 20:42:51,782 [main] WARN  org.apache.pig.backend.hadoop.executionengine.mapReduceLayer.MapReduceLauncher - Encountered Warning FIELD_DISCARDED_TYPE_CONVERSION_FAILED 7 time(s).
2026-09-11 20:42:51,782 [main] INFO  org.apache.pig.backend.hadoop.executionengine.mapReduceLayer.MapReduceLauncher - Success!
2026-09-11 20:42:51,889 [main] INFO  org.apache.pig.Main - Pig script completed in 4 minutes, 34 seconds and 925 milliseconds (274925 ms)
__EXIT__=0
