$ pig -x mapreduce -f PigAnalysis/scripts/top10PlayedByRating.pig
2026-09-11 20:42:55,115 INFO pig.ExecTypeProvider: Trying ExecType : LOCAL
2026-09-11 20:42:55,117 INFO pig.ExecTypeProvider: Trying ExecType : MAPREDUCE
2026-09-11 20:42:55,117 INFO pig.ExecTypeProvider: Picked MAPREDUCE as the ExecType
2026-09-11 20:42:55,234 [main] INFO  org.apache.pig.Main - Apache Pig version 0.18.0 (r1926484) compiled Jun 16 2025, 10:38:21
2026-09-11 20:42:55,234 [main] INFO  org.apache.pig.Main - Logging error messages to: /home/rii/Documents/study/8th Semester/BDAL/Steam-Data-Analysis-using-Hadoop/pig_1789137775209.log
2026-09-11 20:42:55,438 [main] WARN  org.apache.hadoop.util.NativeCodeLoader - Unable to load native-hadoop library for your platform... using builtin-java classes where applicable
2026-09-11 20:42:55,668 [main] INFO  org.apache.pig.impl.util.Utils - Default bootup file /home/rii/.pigbootup not found
2026-09-11 20:42:55,784 [main] INFO  org.apache.hadoop.conf.Configuration.deprecation - mapred.job.tracker is deprecated. Instead, use mapreduce.jobtracker.address
2026-09-11 20:42:55,784 [main] INFO  org.apache.pig.backend.hadoop.executionengine.HExecutionEngine - Connecting to hadoop file system at: hdfs://localhost:9000
2026-09-11 20:42:56,415 [main] INFO  org.apache.pig.PigServer - Pig Script ID for the session: PIG-top10PlayedByRating.pig-9fab957d-8e22-4aec-8533-2f92ac64a4b1
2026-09-11 20:42:56,416 [main] WARN  org.apache.pig.PigServer - ATS is disabled since yarn.timeline-service.enabled set to false
2026-09-11 20:42:57,073 [main] INFO  org.apache.hadoop.conf.Configuration.deprecation - mapred.textoutputformat.separator is deprecated. Instead, use mapreduce.output.textoutputformat.separator
2026-09-11 20:42:57,087 [main] INFO  org.apache.pig.tools.pigstats.ScriptState - Pig features used in the script: REPLICATED_JOIN,GROUP_BY,FILTER
2026-09-11 20:42:57,108 [main] INFO  org.apache.pig.data.SchemaTupleBackend - Key [pig.schematuple] was not set... will not generate code.
2026-09-11 20:42:57,137 [main] INFO  org.apache.pig.newplan.logical.optimizer.LogicalPlanOptimizer - {RULES_ENABLED=[AddForEach, ColumnMapKeyPrune, FilterConstantCalculator, ForEachConstantCalculator, GroupByConstParallelSetter, LimitOptimizer, LoadTypeCastInserter, MergeFilter, MergeForEach, NestedLimitOptimizer, PartitionFilterOptimizer, PredicatePushdownOptimizer, PushDownForEachFlatten, PushUpFilter, SplitConstantCalculator, SplitFilter, StreamTypeCastInserter]}
2026-09-11 20:42:57,170 [main] INFO  org.apache.pig.newplan.logical.rules.ColumnPruneVisitor - Columns pruned for games: $2, $3, $4, $5, $7, $8, $9, $10, $11, $12
2026-09-11 20:42:57,230 [main] INFO  org.apache.pig.impl.util.SpillableMemoryManager - Selected heap (G1 Old Gen) of size 1048576000 to monitor. collectionUsageThreshold = 734003200, usageThreshold = 734003200
2026-09-11 20:42:57,295 [main] INFO  org.apache.pig.backend.hadoop.executionengine.mapReduceLayer.MRCompiler - File concatenation threshold: 100 optimistic? false
2026-09-11 20:42:57,331 [main] INFO  org.apache.pig.builtin.PigStorage - Using PigTextInputFormat
2026-09-11 20:42:57,345 [main] INFO  org.apache.hadoop.mapreduce.lib.input.FileInputFormat - Total input files to process : 1
2026-09-11 20:42:57,349 [main] INFO  org.apache.pig.backend.hadoop.executionengine.util.MapRedUtil - Total input paths to process : 1
2026-09-11 20:42:57,419 [main] INFO  org.apache.pig.backend.hadoop.executionengine.util.MapRedUtil - Total input paths (combined) to process : 1
2026-09-11 20:42:57,419 [main] INFO  org.apache.pig.backend.hadoop.executionengine.mapReduceLayer.MRCompiler - number of input files: 1
2026-09-11 20:42:57,429 [main] INFO  org.apache.pig.backend.hadoop.executionengine.util.CombinerOptimizerUtil - Choosing to move algebraic foreach to combiner
2026-09-11 20:42:57,453 [main] INFO  org.apache.pig.backend.hadoop.executionengine.mapReduceLayer.MultiQueryOptimizer - MR plan size before optimization: 3
2026-09-11 20:42:57,453 [main] INFO  org.apache.pig.backend.hadoop.executionengine.mapReduceLayer.MultiQueryOptimizer - MR plan size after optimization: 3
2026-09-11 20:42:57,539 [main] INFO  org.apache.hadoop.yarn.client.DefaultNoHARMFailoverProxyProvider - Connecting to ResourceManager at /0.0.0.0:8032
2026-09-11 20:42:57,674 [main] INFO  org.apache.hadoop.conf.Configuration.deprecation - yarn.resourcemanager.system-metrics-publisher.enabled is deprecated. Instead, use yarn.system-metrics-publisher.enabled
2026-09-11 20:42:57,680 [main] INFO  org.apache.pig.tools.pigstats.mapreduce.MRScriptState - Pig script settings are added to the job
2026-09-11 20:42:57,684 [main] INFO  org.apache.hadoop.conf.Configuration.deprecation - mapred.job.reduce.markreset.buffer.percent is deprecated. Instead, use mapreduce.reduce.markreset.buffer.percent
2026-09-11 20:42:57,684 [main] INFO  org.apache.pig.backend.hadoop.executionengine.mapReduceLayer.JobControlCompiler - mapred.job.reduce.markreset.buffer.percent is not set, set to default 0.3
2026-09-11 20:42:57,685 [main] INFO  org.apache.hadoop.conf.Configuration.deprecation - mapred.output.compress is deprecated. Instead, use mapreduce.output.fileoutputformat.compress
2026-09-11 20:42:57,686 [main] INFO  org.apache.pig.backend.hadoop.executionengine.mapReduceLayer.JobControlCompiler - This job cannot be converted run in-process
2026-09-11 20:42:57,693 [main] INFO  org.apache.hadoop.conf.Configuration.deprecation - mapred.submit.replication is deprecated. Instead, use mapreduce.client.submit.file.replication
2026-09-11 20:42:57,861 [main] INFO  org.apache.pig.backend.hadoop.executionengine.mapReduceLayer.JobControlCompiler - Added jar file:/home/rii/bigdata/pig-0.18.0/pig-0.18.0-core-h3.jar to DistributedCache through /tmp/temp-297458409/tmp-907932092/pig-0.18.0-core-h3.jar
2026-09-11 20:42:58,293 [main] INFO  org.apache.pig.backend.hadoop.executionengine.mapReduceLayer.JobControlCompiler - Added jar file:/home/rii/bigdata/pig-0.18.0/lib/automaton-1.11-8.jar to DistributedCache through /tmp/temp-297458409/tmp-2059440964/automaton-1.11-8.jar
2026-09-11 20:42:58,322 [main] INFO  org.apache.pig.backend.hadoop.executionengine.mapReduceLayer.JobControlCompiler - Added jar file:/home/rii/bigdata/pig-0.18.0/lib/antlr-runtime-3.4.jar to DistributedCache through /tmp/temp-297458409/tmp-1853566644/antlr-runtime-3.4.jar
2026-09-11 20:42:58,748 [main] INFO  org.apache.pig.backend.hadoop.executionengine.mapReduceLayer.JobControlCompiler - Added jar file:/home/rii/bigdata/pig-0.18.0/lib/joda-time-2.14.0.jar to DistributedCache through /tmp/temp-297458409/tmp950172291/joda-time-2.14.0.jar
2026-09-11 20:42:59,180 [main] INFO  org.apache.pig.backend.hadoop.executionengine.mapReduceLayer.JobControlCompiler - Added jar file:/home/rii/bigdata/pig-0.18.0/lib/RoaringBitmap-shaded-0.7.14.jar to DistributedCache through /tmp/temp-297458409/tmp60301136/RoaringBitmap-shaded-0.7.14.jar
2026-09-11 20:42:59,213 [main] INFO  org.apache.pig.backend.hadoop.executionengine.mapReduceLayer.JobControlCompiler - Setting up single store job
2026-09-11 20:42:59,216 [main] INFO  org.apache.pig.data.SchemaTupleFrontend - Key [pig.schematuple] is false, will not generate code.
2026-09-11 20:42:59,216 [main] INFO  org.apache.pig.data.SchemaTupleFrontend - Starting process to move generated code to distributed cache
2026-09-11 20:42:59,216 [main] INFO  org.apache.pig.data.SchemaTupleFrontend - Setting key [pig.schematuple.classes] with classes to deserialize []
2026-09-11 20:42:59,241 [main] INFO  org.apache.pig.backend.hadoop.executionengine.mapReduceLayer.MapReduceLauncher - 1 map-reduce job(s) waiting for submission.
2026-09-11 20:42:59,247 [JobControl] INFO  org.apache.hadoop.yarn.client.DefaultNoHARMFailoverProxyProvider - Connecting to ResourceManager at /0.0.0.0:8032
2026-09-11 20:42:59,256 [JobControl] INFO  org.apache.hadoop.conf.Configuration.deprecation - mapred.task.id is deprecated. Instead, use mapreduce.task.attempt.id
2026-09-11 20:42:59,260 [JobControl] INFO  org.apache.hadoop.conf.Configuration.deprecation - yarn.resourcemanager.system-metrics-publisher.enabled is deprecated. Instead, use yarn.system-metrics-publisher.enabled
2026-09-11 20:42:59,395 [JobControl] INFO  org.apache.hadoop.mapreduce.JobResourceUploader - Disabling Erasure Coding for path: /tmp/hadoop-yarn/staging/rii/.staging/job_1789136053647_0017
2026-09-11 20:42:59,421 [JobControl] WARN  org.apache.hadoop.mapreduce.JobResourceUploader - No job jar file set.  User classes may not be found. See Job or Job#setJar(String).
2026-09-11 20:42:59,470 [JobControl] INFO  org.apache.pig.builtin.PigStorage - Using PigTextInputFormat
2026-09-11 20:42:59,473 [JobControl] INFO  org.apache.hadoop.mapreduce.lib.input.FileInputFormat - Total input files to process : 1
2026-09-11 20:42:59,473 [JobControl] INFO  org.apache.pig.backend.hadoop.executionengine.util.MapRedUtil - Total input paths to process : 1
2026-09-11 20:42:59,475 [JobControl] INFO  org.apache.pig.backend.hadoop.executionengine.util.MapRedUtil - Total input paths (combined) to process : 1
2026-09-11 20:43:00,330 [JobControl] INFO  org.apache.hadoop.mapreduce.JobSubmitter - number of splits:1
2026-09-11 20:43:00,377 [JobControl] INFO  org.apache.hadoop.conf.Configuration.deprecation - yarn.resourcemanager.system-metrics-publisher.enabled is deprecated. Instead, use yarn.system-metrics-publisher.enabled
2026-09-11 20:43:00,483 [JobControl] INFO  org.apache.hadoop.mapreduce.JobSubmitter - Submitting tokens for job: job_1789136053647_0017
2026-09-11 20:43:00,483 [JobControl] INFO  org.apache.hadoop.mapreduce.JobSubmitter - Executing with tokens: []
2026-09-11 20:43:00,578 [JobControl] INFO  org.apache.hadoop.mapred.YARNRunner - Job jar is not present. Not adding any jar to the list of resources.
2026-09-11 20:43:00,627 [JobControl] INFO  org.apache.hadoop.conf.Configuration - resource-types.xml not found
2026-09-11 20:43:00,627 [JobControl] INFO  org.apache.hadoop.yarn.util.resource.ResourceUtils - Unable to find 'resource-types.xml'.
2026-09-11 20:43:00,680 [JobControl] INFO  org.apache.hadoop.yarn.client.api.impl.YarnClientImpl - Submitted application application_1789136053647_0017
2026-09-11 20:43:00,706 [JobControl] INFO  org.apache.hadoop.mapreduce.Job - The url to track the job: http://pop-os:8088/proxy/application_1789136053647_0017/
2026-09-11 20:43:00,707 [main] INFO  org.apache.pig.backend.hadoop.executionengine.mapReduceLayer.MapReduceLauncher - HadoopJobId: job_1789136053647_0017
2026-09-11 20:43:00,707 [main] INFO  org.apache.pig.backend.hadoop.executionengine.mapReduceLayer.MapReduceLauncher - Processing aliases 1-2,game_info,games
2026-09-11 20:43:00,707 [main] INFO  org.apache.pig.backend.hadoop.executionengine.mapReduceLayer.MapReduceLauncher - detailed locations: M: games[12,8],games[-1,-1],1-2[16,21],game_info[16,12] C:  R: 
2026-09-11 20:43:00,720 [main] INFO  org.apache.pig.backend.hadoop.executionengine.mapReduceLayer.MapReduceLauncher - 0% complete
2026-09-11 20:43:00,720 [main] INFO  org.apache.pig.backend.hadoop.executionengine.mapReduceLayer.MapReduceLauncher - Running jobs are [job_1789136053647_0017]
2026-09-11 20:43:10,827 [main] INFO  org.apache.pig.backend.hadoop.executionengine.mapReduceLayer.MapReduceLauncher - 16% complete
2026-09-11 20:43:10,827 [main] INFO  org.apache.pig.backend.hadoop.executionengine.mapReduceLayer.MapReduceLauncher - Running jobs are [job_1789136053647_0017]
2026-09-11 20:43:15,835 [main] INFO  org.apache.pig.backend.hadoop.executionengine.mapReduceLayer.MapReduceLauncher - 33% complete
2026-09-11 20:43:15,852 [main] INFO  org.apache.hadoop.yarn.client.DefaultNoHARMFailoverProxyProvider - Connecting to ResourceManager at /0.0.0.0:8032
2026-09-11 20:43:15,859 [main] INFO  org.apache.hadoop.mapred.ClientServiceDelegate - Application state is completed. FinalApplicationStatus=SUCCEEDED. Redirecting to job history server
2026-09-11 20:43:15,960 [main] INFO  org.apache.hadoop.yarn.client.DefaultNoHARMFailoverProxyProvider - Connecting to ResourceManager at /0.0.0.0:8032
2026-09-11 20:43:15,966 [main] INFO  org.apache.hadoop.mapred.ClientServiceDelegate - Application state is completed. FinalApplicationStatus=SUCCEEDED. Redirecting to job history server
2026-09-11 20:43:15,982 [main] INFO  org.apache.hadoop.conf.Configuration.deprecation - mapred.reduce.tasks is deprecated. Instead, use mapreduce.job.reduces
2026-09-11 20:43:15,984 [main] INFO  org.apache.hadoop.yarn.client.DefaultNoHARMFailoverProxyProvider - Connecting to ResourceManager at /0.0.0.0:8032
2026-09-11 20:43:15,990 [main] INFO  org.apache.hadoop.mapred.ClientServiceDelegate - Application state is completed. FinalApplicationStatus=SUCCEEDED. Redirecting to job history server
2026-09-11 20:43:16,021 [main] INFO  org.apache.pig.tools.pigstats.mapreduce.MRScriptState - Pig script settings are added to the job
2026-09-11 20:43:16,022 [main] INFO  org.apache.pig.backend.hadoop.executionengine.mapReduceLayer.JobControlCompiler - mapred.job.reduce.markreset.buffer.percent is not set, set to default 0.3
2026-09-11 20:43:16,022 [main] INFO  org.apache.pig.backend.hadoop.executionengine.mapReduceLayer.JobControlCompiler - Reduce phase detected, estimating # of required reducers.
2026-09-11 20:43:16,023 [main] INFO  org.apache.pig.backend.hadoop.executionengine.mapReduceLayer.JobControlCompiler - Using reducer estimator: org.apache.pig.backend.hadoop.executionengine.mapReduceLayer.InputSizeReducerEstimator
2026-09-11 20:43:16,025 [main] INFO  org.apache.pig.backend.hadoop.executionengine.mapReduceLayer.InputSizeReducerEstimator - BytesPerReducer=1000000000 maxReducers=999 totalInputFileSize=2023223067
2026-09-11 20:43:16,025 [main] INFO  org.apache.pig.backend.hadoop.executionengine.mapReduceLayer.JobControlCompiler - Setting Parallelism to 3
2026-09-11 20:43:16,026 [main] INFO  org.apache.pig.backend.hadoop.executionengine.mapReduceLayer.JobControlCompiler - This job cannot be converted run in-process
2026-09-11 20:43:16,057 [main] INFO  org.apache.pig.backend.hadoop.executionengine.mapReduceLayer.JobControlCompiler - Added jar file:/home/rii/bigdata/pig-0.18.0/pig-0.18.0-core-h3.jar to DistributedCache through /tmp/temp-297458409/tmp-446432715/pig-0.18.0-core-h3.jar
2026-09-11 20:43:16,483 [main] INFO  org.apache.pig.backend.hadoop.executionengine.mapReduceLayer.JobControlCompiler - Added jar file:/home/rii/bigdata/pig-0.18.0/lib/automaton-1.11-8.jar to DistributedCache through /tmp/temp-297458409/tmp-1843309336/automaton-1.11-8.jar
2026-09-11 20:43:16,510 [main] INFO  org.apache.pig.backend.hadoop.executionengine.mapReduceLayer.JobControlCompiler - Added jar file:/home/rii/bigdata/pig-0.18.0/lib/antlr-runtime-3.4.jar to DistributedCache through /tmp/temp-297458409/tmp-2035352073/antlr-runtime-3.4.jar
2026-09-11 20:43:16,536 [main] INFO  org.apache.pig.backend.hadoop.executionengine.mapReduceLayer.JobControlCompiler - Added jar file:/home/rii/bigdata/pig-0.18.0/lib/joda-time-2.14.0.jar to DistributedCache through /tmp/temp-297458409/tmp935837446/joda-time-2.14.0.jar
2026-09-11 20:43:16,558 [main] INFO  org.apache.pig.backend.hadoop.executionengine.mapReduceLayer.JobControlCompiler - Added jar file:/home/rii/bigdata/pig-0.18.0/lib/RoaringBitmap-shaded-0.7.14.jar to DistributedCache through /tmp/temp-297458409/tmp332464402/RoaringBitmap-shaded-0.7.14.jar
2026-09-11 20:43:16,566 [main] INFO  org.apache.pig.backend.hadoop.executionengine.mapReduceLayer.JobControlCompiler - Setting up single store job
2026-09-11 20:43:16,574 [main] INFO  org.apache.pig.data.SchemaTupleFrontend - Key [pig.schematuple] is false, will not generate code.
2026-09-11 20:43:16,574 [main] INFO  org.apache.pig.data.SchemaTupleFrontend - Starting process to move generated code to distributed cache
2026-09-11 20:43:16,574 [main] INFO  org.apache.pig.data.SchemaTupleFrontend - Setting key [pig.schematuple.classes] with classes to deserialize []
2026-09-11 20:43:16,603 [main] INFO  org.apache.pig.backend.hadoop.executionengine.mapReduceLayer.MapReduceLauncher - 1 map-reduce job(s) waiting for submission.
2026-09-11 20:43:16,606 [JobControl] INFO  org.apache.hadoop.yarn.client.DefaultNoHARMFailoverProxyProvider - Connecting to ResourceManager at /0.0.0.0:8032
2026-09-11 20:43:16,610 [JobControl] INFO  org.apache.hadoop.conf.Configuration.deprecation - yarn.resourcemanager.system-metrics-publisher.enabled is deprecated. Instead, use yarn.system-metrics-publisher.enabled
2026-09-11 20:43:16,620 [JobControl] INFO  org.apache.hadoop.mapreduce.JobResourceUploader - Disabling Erasure Coding for path: /tmp/hadoop-yarn/staging/rii/.staging/job_1789136053647_0018
2026-09-11 20:43:16,623 [JobControl] WARN  org.apache.hadoop.mapreduce.JobResourceUploader - No job jar file set.  User classes may not be found. See Job or Job#setJar(String).
2026-09-11 20:43:16,640 [JobControl] INFO  org.apache.pig.builtin.PigStorage - Using PigTextInputFormat
2026-09-11 20:43:16,647 [JobControl] INFO  org.apache.hadoop.mapreduce.lib.input.FileInputFormat - Total input files to process : 1
2026-09-11 20:43:16,647 [JobControl] INFO  org.apache.pig.backend.hadoop.executionengine.util.MapRedUtil - Total input paths to process : 1
2026-09-11 20:43:16,651 [JobControl] INFO  org.apache.pig.backend.hadoop.executionengine.util.MapRedUtil - Total input paths (combined) to process : 15
2026-09-11 20:43:17,093 [JobControl] INFO  org.apache.hadoop.mapreduce.JobSubmitter - number of splits:15
2026-09-11 20:43:17,527 [JobControl] INFO  org.apache.hadoop.mapreduce.JobSubmitter - Submitting tokens for job: job_1789136053647_0018
2026-09-11 20:43:17,527 [JobControl] INFO  org.apache.hadoop.mapreduce.JobSubmitter - Executing with tokens: []
2026-09-11 20:43:17,534 [JobControl] INFO  org.apache.hadoop.mapred.YARNRunner - Job jar is not present. Not adding any jar to the list of resources.
2026-09-11 20:43:17,570 [JobControl] INFO  org.apache.hadoop.yarn.client.api.impl.YarnClientImpl - Submitted application application_1789136053647_0018
2026-09-11 20:43:17,577 [JobControl] INFO  org.apache.hadoop.mapreduce.Job - The url to track the job: http://pop-os:8088/proxy/application_1789136053647_0018/
2026-09-11 20:43:17,577 [main] INFO  org.apache.pig.backend.hadoop.executionengine.mapReduceLayer.MapReduceLauncher - HadoopJobId: job_1789136053647_0018
2026-09-11 20:43:17,577 [main] INFO  org.apache.pig.backend.hadoop.executionengine.mapReduceLayer.MapReduceLauncher - Processing aliases grp_for_games,joined,played,recs,result,valid_recs
2026-09-11 20:43:17,577 [main] INFO  org.apache.pig.backend.hadoop.executionengine.mapReduceLayer.MapReduceLauncher - detailed locations: M: recs[2,7],recs[-1,-1],valid_recs[5,13],played[8,9],grp_for_games[7,16] C: played[8,9],grp_for_games[7,16] R: played[8,9],joined[18,9],result[19,9]
2026-09-11 20:44:16,987 [main] INFO  org.apache.pig.backend.hadoop.executionengine.mapReduceLayer.MapReduceLauncher - 38% complete
2026-09-11 20:44:16,988 [main] INFO  org.apache.pig.backend.hadoop.executionengine.mapReduceLayer.MapReduceLauncher - Running jobs are [job_1789136053647_0018]
2026-09-11 20:45:11,952 [main] INFO  org.apache.pig.backend.hadoop.executionengine.mapReduceLayer.MapReduceLauncher - 43% complete
2026-09-11 20:45:11,956 [main] INFO  org.apache.pig.backend.hadoop.executionengine.mapReduceLayer.MapReduceLauncher - Running jobs are [job_1789136053647_0018]
2026-09-11 20:45:37,061 [main] INFO  org.apache.pig.backend.hadoop.executionengine.mapReduceLayer.MapReduceLauncher - 47% complete
2026-09-11 20:45:37,062 [main] INFO  org.apache.pig.backend.hadoop.executionengine.mapReduceLayer.MapReduceLauncher - Running jobs are [job_1789136053647_0018]
2026-09-11 20:46:18,245 [main] INFO  org.apache.pig.backend.hadoop.executionengine.mapReduceLayer.MapReduceLauncher - 52% complete
2026-09-11 20:46:18,245 [main] INFO  org.apache.pig.backend.hadoop.executionengine.mapReduceLayer.MapReduceLauncher - Running jobs are [job_1789136053647_0018]
2026-09-11 20:46:30,281 [main] INFO  org.apache.pig.backend.hadoop.executionengine.mapReduceLayer.MapReduceLauncher - 66% complete
2026-09-11 20:46:30,281 [main] INFO  org.apache.pig.backend.hadoop.executionengine.mapReduceLayer.MapReduceLauncher - Running jobs are [job_1789136053647_0018]
2026-09-11 20:46:33,463 [main] INFO  org.apache.hadoop.yarn.client.DefaultNoHARMFailoverProxyProvider - Connecting to ResourceManager at /0.0.0.0:8032
2026-09-11 20:46:33,653 [main] INFO  org.apache.hadoop.mapred.ClientServiceDelegate - Application state is completed. FinalApplicationStatus=SUCCEEDED. Redirecting to job history server
2026-09-11 20:46:34,335 [main] INFO  org.apache.hadoop.yarn.client.DefaultNoHARMFailoverProxyProvider - Connecting to ResourceManager at /0.0.0.0:8032
2026-09-11 20:46:34,353 [main] INFO  org.apache.hadoop.mapred.ClientServiceDelegate - Application state is completed. FinalApplicationStatus=SUCCEEDED. Redirecting to job history server
2026-09-11 20:46:34,491 [main] INFO  org.apache.hadoop.yarn.client.DefaultNoHARMFailoverProxyProvider - Connecting to ResourceManager at /0.0.0.0:8032
2026-09-11 20:46:34,510 [main] INFO  org.apache.hadoop.mapred.ClientServiceDelegate - Application state is completed. FinalApplicationStatus=SUCCEEDED. Redirecting to job history server
2026-09-11 20:46:34,637 [main] INFO  org.apache.pig.tools.pigstats.mapreduce.MRScriptState - Pig script settings are added to the job
2026-09-11 20:46:34,662 [main] INFO  org.apache.pig.backend.hadoop.executionengine.mapReduceLayer.JobControlCompiler - mapred.job.reduce.markreset.buffer.percent is not set, set to default 0.3
2026-09-11 20:46:34,689 [main] INFO  org.apache.pig.backend.hadoop.executionengine.mapReduceLayer.JobControlCompiler - Reduce phase detected, estimating # of required reducers.
2026-09-11 20:46:34,689 [main] INFO  org.apache.pig.backend.hadoop.executionengine.mapReduceLayer.JobControlCompiler - Using reducer estimator: org.apache.pig.backend.hadoop.executionengine.mapReduceLayer.InputSizeReducerEstimator
2026-09-11 20:46:34,740 [main] INFO  org.apache.pig.backend.hadoop.executionengine.mapReduceLayer.InputSizeReducerEstimator - BytesPerReducer=1000000000 maxReducers=999 totalInputFileSize=1977986
2026-09-11 20:46:34,740 [main] INFO  org.apache.pig.backend.hadoop.executionengine.mapReduceLayer.JobControlCompiler - Setting Parallelism to 1
2026-09-11 20:46:34,740 [main] INFO  org.apache.pig.backend.hadoop.executionengine.mapReduceLayer.JobControlCompiler - This job cannot be converted run in-process
2026-09-11 20:46:35,009 [main] INFO  org.apache.pig.backend.hadoop.executionengine.mapReduceLayer.JobControlCompiler - Added jar file:/home/rii/bigdata/pig-0.18.0/pig-0.18.0-core-h3.jar to DistributedCache through /tmp/temp-297458409/tmp75452260/pig-0.18.0-core-h3.jar
2026-09-11 20:46:35,036 [main] INFO  org.apache.pig.backend.hadoop.executionengine.mapReduceLayer.JobControlCompiler - Added jar file:/home/rii/bigdata/pig-0.18.0/lib/automaton-1.11-8.jar to DistributedCache through /tmp/temp-297458409/tmp666869453/automaton-1.11-8.jar
2026-09-11 20:46:35,470 [main] INFO  org.apache.pig.backend.hadoop.executionengine.mapReduceLayer.JobControlCompiler - Added jar file:/home/rii/bigdata/pig-0.18.0/lib/antlr-runtime-3.4.jar to DistributedCache through /tmp/temp-297458409/tmp-325783512/antlr-runtime-3.4.jar
2026-09-11 20:46:35,921 [main] INFO  org.apache.pig.backend.hadoop.executionengine.mapReduceLayer.JobControlCompiler - Added jar file:/home/rii/bigdata/pig-0.18.0/lib/joda-time-2.14.0.jar to DistributedCache through /tmp/temp-297458409/tmp-530507988/joda-time-2.14.0.jar
2026-09-11 20:46:35,959 [main] INFO  org.apache.pig.backend.hadoop.executionengine.mapReduceLayer.JobControlCompiler - Added jar file:/home/rii/bigdata/pig-0.18.0/lib/RoaringBitmap-shaded-0.7.14.jar to DistributedCache through /tmp/temp-297458409/tmp-933426023/RoaringBitmap-shaded-0.7.14.jar
2026-09-11 20:46:36,004 [main] INFO  org.apache.pig.backend.hadoop.executionengine.mapReduceLayer.JobControlCompiler - Setting up single store job
2026-09-11 20:46:36,012 [main] INFO  org.apache.pig.data.SchemaTupleFrontend - Key [pig.schematuple] is false, will not generate code.
2026-09-11 20:46:36,012 [main] INFO  org.apache.pig.data.SchemaTupleFrontend - Starting process to move generated code to distributed cache
2026-09-11 20:46:36,012 [main] INFO  org.apache.pig.data.SchemaTupleFrontend - Setting key [pig.schematuple.classes] with classes to deserialize []
2026-09-11 20:46:36,144 [main] INFO  org.apache.pig.backend.hadoop.executionengine.mapReduceLayer.MapReduceLauncher - 1 map-reduce job(s) waiting for submission.
2026-09-11 20:46:36,179 [JobControl] INFO  org.apache.hadoop.yarn.client.DefaultNoHARMFailoverProxyProvider - Connecting to ResourceManager at /0.0.0.0:8032
2026-09-11 20:46:36,208 [JobControl] INFO  org.apache.hadoop.conf.Configuration.deprecation - yarn.resourcemanager.system-metrics-publisher.enabled is deprecated. Instead, use yarn.system-metrics-publisher.enabled
2026-09-11 20:46:36,241 [JobControl] INFO  org.apache.hadoop.mapreduce.JobResourceUploader - Disabling Erasure Coding for path: /tmp/hadoop-yarn/staging/rii/.staging/job_1789136053647_0019
2026-09-11 20:46:36,254 [JobControl] WARN  org.apache.hadoop.mapreduce.JobResourceUploader - No job jar file set.  User classes may not be found. See Job or Job#setJar(String).
2026-09-11 20:46:36,339 [JobControl] INFO  org.apache.hadoop.mapreduce.lib.input.FileInputFormat - Total input files to process : 3
2026-09-11 20:46:36,340 [JobControl] INFO  org.apache.pig.backend.hadoop.executionengine.util.MapRedUtil - Total input paths to process : 3
2026-09-11 20:46:36,341 [JobControl] INFO  org.apache.pig.backend.hadoop.executionengine.util.MapRedUtil - Total input paths (combined) to process : 1
2026-09-11 20:46:36,396 [JobControl] INFO  org.apache.hadoop.mapreduce.JobSubmitter - number of splits:1
2026-09-11 20:46:36,587 [JobControl] INFO  org.apache.hadoop.mapreduce.JobSubmitter - Submitting tokens for job: job_1789136053647_0019
2026-09-11 20:46:36,587 [JobControl] INFO  org.apache.hadoop.mapreduce.JobSubmitter - Executing with tokens: []
2026-09-11 20:46:36,602 [JobControl] INFO  org.apache.hadoop.mapred.YARNRunner - Job jar is not present. Not adding any jar to the list of resources.
2026-09-11 20:46:36,729 [JobControl] INFO  org.apache.hadoop.yarn.client.api.impl.YarnClientImpl - Submitted application application_1789136053647_0019
2026-09-11 20:46:36,757 [JobControl] INFO  org.apache.hadoop.mapreduce.Job - The url to track the job: http://pop-os:8088/proxy/application_1789136053647_0019/
2026-09-11 20:46:36,757 [main] INFO  org.apache.pig.backend.hadoop.executionengine.mapReduceLayer.MapReduceLauncher - HadoopJobId: job_1789136053647_0019
2026-09-11 20:46:36,757 [main] INFO  org.apache.pig.backend.hadoop.executionengine.mapReduceLayer.MapReduceLauncher - Processing aliases final_top10_played_by_rating,grp_for_ratings,sorted,top10_played_ratings
2026-09-11 20:46:36,757 [main] INFO  org.apache.pig.backend.hadoop.executionengine.mapReduceLayer.MapReduceLauncher - detailed locations: M: grp_for_ratings[23,18] C:  R: top10_played_ratings[24,23],sorted[25,13],final_top10_played_by_rating[30,31]
2026-09-11 20:46:48,854 [main] INFO  org.apache.pig.backend.hadoop.executionengine.mapReduceLayer.MapReduceLauncher - 83% complete
2026-09-11 20:46:48,855 [main] INFO  org.apache.pig.backend.hadoop.executionengine.mapReduceLayer.MapReduceLauncher - Running jobs are [job_1789136053647_0019]
2026-09-11 20:46:53,862 [main] INFO  org.apache.pig.backend.hadoop.executionengine.mapReduceLayer.MapReduceLauncher - Running jobs are [job_1789136053647_0019]
2026-09-11 20:46:56,933 [main] INFO  org.apache.hadoop.yarn.client.DefaultNoHARMFailoverProxyProvider - Connecting to ResourceManager at /0.0.0.0:8032
2026-09-11 20:46:56,946 [main] INFO  org.apache.hadoop.mapred.ClientServiceDelegate - Application state is completed. FinalApplicationStatus=SUCCEEDED. Redirecting to job history server
2026-09-11 20:46:57,148 [main] INFO  org.apache.hadoop.yarn.client.DefaultNoHARMFailoverProxyProvider - Connecting to ResourceManager at /0.0.0.0:8032
2026-09-11 20:46:57,161 [main] INFO  org.apache.hadoop.mapred.ClientServiceDelegate - Application state is completed. FinalApplicationStatus=SUCCEEDED. Redirecting to job history server
2026-09-11 20:46:57,263 [main] INFO  org.apache.hadoop.yarn.client.DefaultNoHARMFailoverProxyProvider - Connecting to ResourceManager at /0.0.0.0:8032
2026-09-11 20:46:57,275 [main] INFO  org.apache.hadoop.mapred.ClientServiceDelegate - Application state is completed. FinalApplicationStatus=SUCCEEDED. Redirecting to job history server
2026-09-11 20:46:57,352 [main] INFO  org.apache.pig.backend.hadoop.executionengine.mapReduceLayer.MapReduceLauncher - 100% complete
2026-09-11 20:46:57,417 [main] INFO  org.apache.pig.tools.pigstats.mapreduce.SimplePigStats - Script Statistics: 

HadoopVersion	PigVersion	UserId	StartedAt	FinishedAt	Features
3.4.1	0.18.0	rii	2026-09-11 20:42:57	2026-09-11 20:46:57	REPLICATED_JOIN,GROUP_BY,FILTER

Success!

Job Stats (time in seconds):
JobId	Maps	Reduces	MaxMapTime	MinMapTime	AvgMapTime	MedianMapTime	MaxReduceTime	MinReduceTime	AvgReduceTime	MedianReducetime	Alias	Feature	Outputs
job_1789136053647_0017	1	0	2	2	2	2	0	0	0	0	1-2,game_info,games	MAP_ONLY	
job_1789136053647_0018	15	3	58	31	47	51	80	9	53	71	grp_for_games,joined,played,recs,result,valid_recs	REPLICATED_JOIN,GROUP_BY,COMBINER	
job_1789136053647_0019	1	1	2	2	2	2	2	2	2	2	final_top10_played_by_rating,grp_for_ratings,sorted,top10_played_ratings	GROUP_BY	/steam/pig/Top10PlayedByRating,

Input(s):
Successfully read 50873 records (4864154 bytes) from: "/steam/games.csv"
Successfully read 41154795 records (2023286021 bytes) from: "/steam/recommendations.csv"

Output(s):
Successfully stored 87 records (4687 bytes) in: "/steam/pig/Top10PlayedByRating"

Counters:
Total records written : 87
Total bytes written : 4687
Spillable Memory Manager spill count : 0
Total bags proactively spilled: 0
Total records proactively spilled: 0

Job DAG:
job_1789136053647_0017	->	job_1789136053647_0018,
job_1789136053647_0018	->	job_1789136053647_0019,
job_1789136053647_0019


2026-09-11 20:46:57,464 [main] INFO  org.apache.hadoop.yarn.client.DefaultNoHARMFailoverProxyProvider - Connecting to ResourceManager at /0.0.0.0:8032
2026-09-11 20:46:57,476 [main] INFO  org.apache.hadoop.mapred.ClientServiceDelegate - Application state is completed. FinalApplicationStatus=SUCCEEDED. Redirecting to job history server
2026-09-11 20:46:57,541 [main] INFO  org.apache.hadoop.yarn.client.DefaultNoHARMFailoverProxyProvider - Connecting to ResourceManager at /0.0.0.0:8032
2026-09-11 20:46:57,553 [main] INFO  org.apache.hadoop.mapred.ClientServiceDelegate - Application state is completed. FinalApplicationStatus=SUCCEEDED. Redirecting to job history server
2026-09-11 20:46:57,623 [main] INFO  org.apache.hadoop.yarn.client.DefaultNoHARMFailoverProxyProvider - Connecting to ResourceManager at /0.0.0.0:8032
2026-09-11 20:46:57,638 [main] INFO  org.apache.hadoop.mapred.ClientServiceDelegate - Application state is completed. FinalApplicationStatus=SUCCEEDED. Redirecting to job history server
2026-09-11 20:46:57,738 [main] INFO  org.apache.hadoop.yarn.client.DefaultNoHARMFailoverProxyProvider - Connecting to ResourceManager at /0.0.0.0:8032
2026-09-11 20:46:57,752 [main] INFO  org.apache.hadoop.mapred.ClientServiceDelegate - Application state is completed. FinalApplicationStatus=SUCCEEDED. Redirecting to job history server
2026-09-11 20:46:57,832 [main] INFO  org.apache.hadoop.yarn.client.DefaultNoHARMFailoverProxyProvider - Connecting to ResourceManager at /0.0.0.0:8032
2026-09-11 20:46:57,840 [main] INFO  org.apache.hadoop.mapred.ClientServiceDelegate - Application state is completed. FinalApplicationStatus=SUCCEEDED. Redirecting to job history server
2026-09-11 20:46:57,916 [main] INFO  org.apache.hadoop.yarn.client.DefaultNoHARMFailoverProxyProvider - Connecting to ResourceManager at /0.0.0.0:8032
2026-09-11 20:46:57,930 [main] INFO  org.apache.hadoop.mapred.ClientServiceDelegate - Application state is completed. FinalApplicationStatus=SUCCEEDED. Redirecting to job history server
2026-09-11 20:46:58,043 [main] INFO  org.apache.hadoop.yarn.client.DefaultNoHARMFailoverProxyProvider - Connecting to ResourceManager at /0.0.0.0:8032
2026-09-11 20:46:58,052 [main] INFO  org.apache.hadoop.mapred.ClientServiceDelegate - Application state is completed. FinalApplicationStatus=SUCCEEDED. Redirecting to job history server
2026-09-11 20:46:58,117 [main] INFO  org.apache.hadoop.yarn.client.DefaultNoHARMFailoverProxyProvider - Connecting to ResourceManager at /0.0.0.0:8032
2026-09-11 20:46:58,126 [main] INFO  org.apache.hadoop.mapred.ClientServiceDelegate - Application state is completed. FinalApplicationStatus=SUCCEEDED. Redirecting to job history server
2026-09-11 20:46:58,189 [main] INFO  org.apache.hadoop.yarn.client.DefaultNoHARMFailoverProxyProvider - Connecting to ResourceManager at /0.0.0.0:8032
2026-09-11 20:46:58,202 [main] INFO  org.apache.hadoop.mapred.ClientServiceDelegate - Application state is completed. FinalApplicationStatus=SUCCEEDED. Redirecting to job history server
2026-09-11 20:46:58,268 [main] WARN  org.apache.pig.backend.hadoop.executionengine.mapReduceLayer.MapReduceLauncher - Encountered Warning FIELD_DISCARDED_TYPE_CONVERSION_FAILED 7 time(s).
2026-09-11 20:46:58,268 [main] INFO  org.apache.pig.backend.hadoop.executionengine.mapReduceLayer.MapReduceLauncher - Success!
2026-09-11 20:46:58,390 [main] INFO  org.apache.pig.Main - Pig script completed in 4 minutes, 3 seconds and 280 milliseconds (243280 ms)
__EXIT__=0
