$ hdfs dfs -cat /steam/pig/Top10PlayedByRating/part-*
2026-09-11 20:46:59,072 WARN util.NativeCodeLoader: Unable to load native-hadoop library for your platform... using builtin-java classes where applicable
Mixed	578080	PUBG: BATTLEGROUNDS	97733	30670189.2
Mixed	304390	FOR HONOR™	91868	16358308.1
Mixed	1938090	Call of Duty®	133275	15254506.1
Mixed	1468810	鬼谷八荒 Tale of Immortal	116568	11724340.3
Mixed	1517290	Battlefield™ 2042	106386	9027781.1
Mixed	1418630	Dread Hunger	30806	8685620.5
Mixed	1142710	Total War: WARHAMMER III	35506	7251795.4
Mixed	1811260	EA SPORTS™ FIFA 23	37294	6646433.0
Mixed	433850	Z1 Battle Royale	36444	6645658.0
Mixed	680420	OUTRIDERS	45398	4166422.1
Negative	315330	All Guns On Deck	322	3178.9
Negative	719120	O'Fox Life	105	1709.2
Negative	388160	Project Druid - 2D Labyrinth Explorer-	96	1702.2
Negative	301220	Legends of Persia	103	1080.5
Negative	265240	Crazy Machines: Golden Gears	23	928.6
Negative	285090	Robowars	199	891.0
Negative	444420	24 Hours 'til Rescue	66	593.1
Negative	358700	3d Bridges	15	541.9
Negative	382160	Dark Years	75	423.5
Negative	397580	Moonbase 332	100	419.6
Positive	17510	Age of Chivalry	1019	45333.1
Positive	17700	INSURGENCY: Modern Infantry Combat	1052	39599.6
Positive	1190990	Colormeleons	49	12397.2
Positive	769920	Odysseus Kosmos and his Robot Quest: Episode 1	288	10527.9
Positive	1697460	Coin Pusher World	23	6452.2
Positive	640890	Will Glow the Wisp	732	5110.6
Positive	2091130	True Idle Simulator	31	4967.5
Positive	339160	Tales of the Orient: The Rising Sun	246	4862.1
Positive	376770	Big Thinkers 1st Grade	30	4708.4
Positive	1815370	咸鱼的挂机游戏	17	4367.7
Very Negative	252910	Skyscraper Simulator	235	1357.2
Very Negative	273770	Game Tycoon 1.5	379	1039.1
Very Negative	246940	Lords of the Black Sun	102	948.0
Very Negative	273030	Pro Rugby Manager 2015	26	755.4
Very Negative	422420	Godus Wars	211	730.7
Very Negative	238870	Citadels	129	630.5
Very Negative	369080	Age of Survival	136	622.8
Very Negative	260510	World Basketball Tycoon	38	498.9
Very Negative	259890	Agricultural Simulator: Historical Farming	139	380.5
Very Negative	374640	March of Industry: Very Capitalist Factory Simulator Entertainments	40	345.0
Very Positive	440	Team Fortress 2	319492	101809977.6
Very Positive	730	Counter-Strike: Global Offensive	219737	94260307.3
Very Positive	570	Dota 2	216914	93072785.4
Very Positive	252490	Rust	270684	92944004.6
Very Positive	359550	Tom Clancy's Rainbow Six® Siege	189603	68445823.3
Very Positive	1085660	Destiny 2	185527	62504172.8
Very Positive	394360	Hearts of Iron IV	143187	53086631.1
Very Positive	346110	ARK: Survival Evolved	159736	46720359.4
Very Positive	230410	Warframe	127812	46450175.3
Very Positive	271590	Grand Theft Auto V	163909	46170394.5
Mostly Negative	1665460	eFootball™ 2024	24316	1407345.3
Mostly Negative	1504570	Cultivation Tales	7368	810267.0
Mostly Negative	1832640	Mirror 2: Project X	59606	635685.7
Mostly Negative	730310	DYNASTY WARRIORS 9	4592	205546.0
Mostly Negative	221020	Towns	1128	56059.8
Mostly Negative	282560	RollerCoaster Tycoon World™	1991	32321.2
Mostly Negative	313010	Cities XXL	800	24712.7
Mostly Negative	238240	Edge of Space	1251	23510.2
Mostly Negative	47400	Stronghold 3 Gold	1487	21309.8
Mostly Negative	247950	Sacred 3	1624	16881.5
Mostly Positive	1599340	Lost Ark	129522	27429692.8
Mostly Positive	236390	War Thunder	80609	25339867.3
Mostly Positive	221100	DayZ	94365	24617576.3
Mostly Positive	438100	VRChat	98575	22353869.0
Mostly Positive	275850	No Man's Sky	171816	22017233.7
Mostly Positive	1063730	New World	96549	20351389.2
Mostly Positive	386360	SMITE®	64689	18246201.5
Mostly Positive	359320	Elite Dangerous	68123	17392171.5
Mostly Positive	440900	Conan Exiles	49671	12815929.5
Mostly Positive	552990	World of Warships	56992	12475012.6
Overwhelmingly Negative	1180320	War of the Three Kingdoms	11274	255526.1
Overwhelmingly Negative	246090	Spacebase DF-9	1782	26679.2
Overwhelmingly Negative	201510	Flatout 3: Chaos & Destruction	2010	9768.2
Overwhelmingly Negative	227160	Kinetic Void	660	7065.4
Overwhelmingly Negative	267600	Airport Simulator 2014	466	4775.4
Overwhelmingly Negative	1563130	SuperPower 3	480	2285.9
Overwhelmingly Negative	1799220	Malice	495	1702.5
Overwhelmingly Positive	4000	Garry's Mod	137199	41697656.1
Overwhelmingly Positive	105600	Terraria	123071	35443053.9
Overwhelmingly Positive	250900	The Binding of Isaac: Rebirth	114002	33914457.8
Overwhelmingly Positive	294100	RimWorld	100999	33354178.5
Overwhelmingly Positive	227300	Euro Truck Simulator 2	179407	32000932.1
Overwhelmingly Positive	292030	The Witcher® 3: Wild Hunt	204166	31522739.6
Overwhelmingly Positive	427520	Factorio	112195	28700677.3
Overwhelmingly Positive	550	Left 4 Dead 2	179684	24630056.2
Overwhelmingly Positive	284160	BeamNG.drive	127258	23911526.3
Overwhelmingly Positive	49520	Borderlands 2	158945	22867857.1
__EXIT__=0
